mode: set
github.com/le-arch/EventHub-C5/cmd/api/main.go:72.13,77.16 2 0
github.com/le-arch/EventHub-C5/cmd/api/main.go:77.16,80.3 2 0
github.com/le-arch/EventHub-C5/cmd/api/main.go:85.18,92.16 4 0
github.com/le-arch/EventHub-C5/cmd/api/main.go:92.16,96.3 3 0
github.com/le-arch/EventHub-C5/cmd/api/main.go:99.2,101.16 3 0
github.com/le-arch/EventHub-C5/cmd/api/main.go:101.16,103.3 1 0
github.com/le-arch/EventHub-C5/cmd/api/main.go:104.2,109.16 3 0
github.com/le-arch/EventHub-C5/cmd/api/main.go:109.16,111.3 1 0
github.com/le-arch/EventHub-C5/cmd/api/main.go:113.2,122.16 6 0
github.com/le-arch/EventHub-C5/cmd/api/main.go:122.16,124.3 1 0
github.com/le-arch/EventHub-C5/cmd/api/main.go:126.2,141.16 6 0
github.com/le-arch/EventHub-C5/cmd/api/main.go:141.16,143.3 1 0
github.com/le-arch/EventHub-C5/cmd/api/main.go:145.2,145.12 1 0
github.com/le-arch/EventHub-C5/cmd/api/main.go:149.36,150.43 1 0
github.com/le-arch/EventHub-C5/cmd/api/main.go:150.43,152.17 2 0
github.com/le-arch/EventHub-C5/cmd/api/main.go:152.17,154.4 1 0
github.com/le-arch/EventHub-C5/cmd/api/main.go:157.2,158.16 2 0
github.com/le-arch/EventHub-C5/cmd/api/main.go:158.16,159.41 1 0
github.com/le-arch/EventHub-C5/cmd/api/main.go:159.41,161.4 1 0
github.com/le-arch/EventHub-C5/cmd/api/main.go:163.3,163.13 1 0
github.com/le-arch/EventHub-C5/cmd/api/main.go:166.2,166.12 1 0
github.com/le-arch/EventHub-C5/cmd/api/main.go:170.55,172.24 2 0
github.com/le-arch/EventHub-C5/cmd/api/main.go:172.24,174.3 1 0
github.com/le-arch/EventHub-C5/cmd/api/main.go:174.8,176.3 1 0
github.com/le-arch/EventHub-C5/cmd/api/main.go:178.2,186.23 2 0
github.com/le-arch/EventHub-C5/internal/db/repo/db.go:20.28,22.2 1 0
github.com/le-arch/EventHub-C5/internal/db/repo/db.go:28.46,32.2 1 0
github.com/le-arch/EventHub-C5/internal/db/repo/event.sql.go:40.90,80.2 4 0
github.com/le-arch/EventHub-C5/internal/db/repo/event.sql.go:92.81,95.2 2 0
github.com/le-arch/EventHub-C5/internal/db/repo/event.sql.go:103.82,127.2 4 0
github.com/le-arch/EventHub-C5/internal/db/repo/event.sql.go:138.88,162.2 4 0
github.com/le-arch/EventHub-C5/internal/db/repo/event.sql.go:193.107,216.2 4 0
github.com/le-arch/EventHub-C5/internal/db/repo/event.sql.go:224.84,248.2 4 0
github.com/le-arch/EventHub-C5/internal/db/repo/event.sql.go:279.76,281.16 2 0
github.com/le-arch/EventHub-C5/internal/db/repo/event.sql.go:281.16,283.3 1 0
github.com/le-arch/EventHub-C5/internal/db/repo/event.sql.go:284.2,286.18 3 0
github.com/le-arch/EventHub-C5/internal/db/repo/event.sql.go:286.18,308.17 2 0
github.com/le-arch/EventHub-C5/internal/db/repo/event.sql.go:308.17,310.4 1 0
github.com/le-arch/EventHub-C5/internal/db/repo/event.sql.go:311.3,311.27 1 0
github.com/le-arch/EventHub-C5/internal/db/repo/event.sql.go:313.2,313.35 1 0
github.com/le-arch/EventHub-C5/internal/db/repo/event.sql.go:313.35,315.3 1 0
github.com/le-arch/EventHub-C5/internal/db/repo/event.sql.go:316.2,316.19 1 0
github.com/le-arch/EventHub-C5/internal/db/repo/event.sql.go:325.87,327.16 2 0
github.com/le-arch/EventHub-C5/internal/db/repo/event.sql.go:327.16,329.3 1 0
github.com/le-arch/EventHub-C5/internal/db/repo/event.sql.go:330.2,332.18 3 0
github.com/le-arch/EventHub-C5/internal/db/repo/event.sql.go:332.18,353.17 2 0
github.com/le-arch/EventHub-C5/internal/db/repo/event.sql.go:353.17,355.4 1 0
github.com/le-arch/EventHub-C5/internal/db/repo/event.sql.go:356.3,356.27 1 0
github.com/le-arch/EventHub-C5/internal/db/repo/event.sql.go:358.2,358.35 1 0
github.com/le-arch/EventHub-C5/internal/db/repo/event.sql.go:358.35,360.3 1 0
github.com/le-arch/EventHub-C5/internal/db/repo/event.sql.go:361.2,361.19 1 0
github.com/le-arch/EventHub-C5/internal/db/repo/event.sql.go:370.96,372.16 2 0
github.com/le-arch/EventHub-C5/internal/db/repo/event.sql.go:372.16,374.3 1 0
github.com/le-arch/EventHub-C5/internal/db/repo/event.sql.go:375.2,377.18 3 0
github.com/le-arch/EventHub-C5/internal/db/repo/event.sql.go:377.18,398.17 2 0
github.com/le-arch/EventHub-C5/internal/db/repo/event.sql.go:398.17,400.4 1 0
github.com/le-arch/EventHub-C5/internal/db/repo/event.sql.go:401.3,401.27 1 0
github.com/le-arch/EventHub-C5/internal/db/repo/event.sql.go:403.2,403.35 1 0
github.com/le-arch/EventHub-C5/internal/db/repo/event.sql.go:403.35,405.3 1 0
github.com/le-arch/EventHub-C5/internal/db/repo/event.sql.go:406.2,406.19 1 0
github.com/le-arch/EventHub-C5/internal/db/repo/event.sql.go:419.104,443.2 4 0
github.com/le-arch/EventHub-C5/internal/db/repo/event.sql.go:451.100,453.16 2 0
github.com/le-arch/EventHub-C5/internal/db/repo/event.sql.go:453.16,455.3 1 0
github.com/le-arch/EventHub-C5/internal/db/repo/event.sql.go:456.2,458.18 3 0
github.com/le-arch/EventHub-C5/internal/db/repo/event.sql.go:458.18,479.17 2 0
github.com/le-arch/EventHub-C5/internal/db/repo/event.sql.go:479.17,481.4 1 0
github.com/le-arch/EventHub-C5/internal/db/repo/event.sql.go:482.3,482.27 1 0
github.com/le-arch/EventHub-C5/internal/db/repo/event.sql.go:484.2,484.35 1 0
github.com/le-arch/EventHub-C5/internal/db/repo/event.sql.go:484.35,486.3 1 0
github.com/le-arch/EventHub-C5/internal/db/repo/event.sql.go:487.2,487.19 1 0
github.com/le-arch/EventHub-C5/internal/db/repo/event.sql.go:531.104,572.2 4 0
github.com/le-arch/EventHub-C5/internal/db/repo/event.sql.go:598.90,637.2 4 0
github.com/le-arch/EventHub-C5/internal/db/repo/event.sql.go:651.110,675.2 4 0
github.com/le-arch/EventHub-C5/internal/db/repo/event.sql.go:689.102,713.2 4 0
github.com/le-arch/EventHub-C5/internal/db/repo/event.sql.go:748.143,750.16 2 0
github.com/le-arch/EventHub-C5/internal/db/repo/event.sql.go:750.16,752.3 1 0
github.com/le-arch/EventHub-C5/internal/db/repo/event.sql.go:753.2,755.18 3 0
github.com/le-arch/EventHub-C5/internal/db/repo/event.sql.go:755.18,778.17 2 0
github.com/le-arch/EventHub-C5/internal/db/repo/event.sql.go:778.17,780.4 1 0
github.com/le-arch/EventHub-C5/internal/db/repo/event.sql.go:781.3,781.27 1 0
github.com/le-arch/EventHub-C5/internal/db/repo/event.sql.go:783.2,783.35 1 0
github.com/le-arch/EventHub-C5/internal/db/repo/event.sql.go:783.35,785.3 1 0
github.com/le-arch/EventHub-C5/internal/db/repo/event.sql.go:786.2,786.19 1 0
github.com/le-arch/EventHub-C5/internal/db/repo/event.sql.go:797.102,802.2 4 0
github.com/le-arch/EventHub-C5/internal/db/repo/migrations.go:13.57,15.16 2 0
github.com/le-arch/EventHub-C5/internal/db/repo/migrations.go:15.16,17.3 1 0
github.com/le-arch/EventHub-C5/internal/db/repo/migrations.go:20.2,25.16 2 0
github.com/le-arch/EventHub-C5/internal/db/repo/migrations.go:25.16,27.3 1 0
github.com/le-arch/EventHub-C5/internal/db/repo/migrations.go:28.2,32.56 3 0
github.com/le-arch/EventHub-C5/internal/db/repo/migrations.go:32.56,34.3 1 0
github.com/le-arch/EventHub-C5/internal/db/repo/migrations.go:36.2,36.12 1 0
github.com/le-arch/EventHub-C5/internal/db/repo/migrations.go:40.61,42.16 2 0
github.com/le-arch/EventHub-C5/internal/db/repo/migrations.go:42.16,44.3 1 0
github.com/le-arch/EventHub-C5/internal/db/repo/migrations.go:47.2,51.16 2 0
github.com/le-arch/EventHub-C5/internal/db/repo/migrations.go:51.16,53.3 1 0
github.com/le-arch/EventHub-C5/internal/db/repo/migrations.go:54.2,58.56 3 0
github.com/le-arch/EventHub-C5/internal/db/repo/migrations.go:58.56,60.3 1 0
github.com/le-arch/EventHub-C5/internal/db/repo/migrations.go:62.2,62.12 1 0
github.com/le-arch/EventHub-C5/internal/db/repo/models.go:27.51,28.25 1 0
github.com/le-arch/EventHub-C5/internal/db/repo/models.go:29.14,30.22 1 0
github.com/le-arch/EventHub-C5/internal/db/repo/models.go:31.14,32.22 1 0
github.com/le-arch/EventHub-C5/internal/db/repo/models.go:33.10,34.70 1 0
github.com/le-arch/EventHub-C5/internal/db/repo/models.go:36.2,36.12 1 0
github.com/le-arch/EventHub-C5/internal/db/repo/models.go:45.58,46.18 1 0
github.com/le-arch/EventHub-C5/internal/db/repo/models.go:46.18,49.3 2 0
github.com/le-arch/EventHub-C5/internal/db/repo/models.go:50.2,51.35 2 0
github.com/le-arch/EventHub-C5/internal/db/repo/models.go:55.57,56.15 1 0
github.com/le-arch/EventHub-C5/internal/db/repo/models.go:56.15,58.3 1 0
github.com/le-arch/EventHub-C5/internal/db/repo/models.go:59.2,59.36 1 0
github.com/le-arch/EventHub-C5/internal/db/repo/models.go:72.53,73.25 1 0
github.com/le-arch/EventHub-C5/internal/db/repo/models.go:74.14,75.24 1 0
github.com/le-arch/EventHub-C5/internal/db/repo/models.go:76.14,77.24 1 0
github.com/le-arch/EventHub-C5/internal/db/repo/models.go:78.10,79.72 1 0
github.com/le-arch/EventHub-C5/internal/db/repo/models.go:81.2,81.12 1 0
github.com/le-arch/EventHub-C5/internal/db/repo/models.go:90.60,91.18 1 0
github.com/le-arch/EventHub-C5/internal/db/repo/models.go:91.18,94.3 2 0
github.com/le-arch/EventHub-C5/internal/db/repo/models.go:95.2,96.37 2 0
github.com/le-arch/EventHub-C5/internal/db/repo/models.go:100.59,101.15 1 0
github.com/le-arch/EventHub-C5/internal/db/repo/models.go:101.15,103.3 1 0
github.com/le-arch/EventHub-C5/internal/db/repo/models.go:104.2,104.38 1 0
github.com/le-arch/EventHub-C5/internal/db/repo/models.go:114.48,115.25 1 0
github.com/le-arch/EventHub-C5/internal/db/repo/models.go:116.14,117.19 1 0
github.com/le-arch/EventHub-C5/internal/db/repo/models.go:118.14,119.19 1 0
github.com/le-arch/EventHub-C5/internal/db/repo/models.go:120.10,121.67 1 0
github.com/le-arch/EventHub-C5/internal/db/repo/models.go:123.2,123.12 1 0
github.com/le-arch/EventHub-C5/internal/db/repo/models.go:132.55,133.18 1 0
github.com/le-arch/EventHub-C5/internal/db/repo/models.go:133.18,136.3 2 0
github.com/le-arch/EventHub-C5/internal/db/repo/models.go:137.2,138.32 2 0
github.com/le-arch/EventHub-C5/internal/db/repo/models.go:142.54,143.15 1 0
github.com/le-arch/EventHub-C5/internal/db/repo/models.go:143.15,145.3 1 0
github.com/le-arch/EventHub-C5/internal/db/repo/models.go:146.2,146.33 1 0
github.com/le-arch/EventHub-C5/internal/db/repo/order.sql.go:47.90,94.2 4 0
github.com/le-arch/EventHub-C5/internal/db/repo/order.sql.go:108.114,110.16 2 0
github.com/le-arch/EventHub-C5/internal/db/repo/order.sql.go:110.16,112.3 1 0
github.com/le-arch/EventHub-C5/internal/db/repo/order.sql.go:113.2,113.35 1 0
github.com/le-arch/EventHub-C5/internal/db/repo/order.sql.go:133.107,143.2 4 0
github.com/le-arch/EventHub-C5/internal/db/repo/order.sql.go:162.111,164.16 2 0
github.com/le-arch/EventHub-C5/internal/db/repo/order.sql.go:164.16,166.3 1 0
github.com/le-arch/EventHub-C5/internal/db/repo/order.sql.go:167.2,169.18 3 0
github.com/le-arch/EventHub-C5/internal/db/repo/order.sql.go:169.18,171.66 2 0
github.com/le-arch/EventHub-C5/internal/db/repo/order.sql.go:171.66,173.4 1 0
github.com/le-arch/EventHub-C5/internal/db/repo/order.sql.go:174.3,174.27 1 0
github.com/le-arch/EventHub-C5/internal/db/repo/order.sql.go:176.2,176.35 1 0
github.com/le-arch/EventHub-C5/internal/db/repo/order.sql.go:176.35,178.3 1 0
github.com/le-arch/EventHub-C5/internal/db/repo/order.sql.go:179.2,179.19 1 0
github.com/le-arch/EventHub-C5/internal/db/repo/order.sql.go:200.121,202.16 2 0
github.com/le-arch/EventHub-C5/internal/db/repo/order.sql.go:202.16,204.3 1 0
github.com/le-arch/EventHub-C5/internal/db/repo/order.sql.go:205.2,207.18 3 0
github.com/le-arch/EventHub-C5/internal/db/repo/order.sql.go:207.18,214.17 2 0
github.com/le-arch/EventHub-C5/internal/db/repo/order.sql.go:214.17,216.4 1 0
github.com/le-arch/EventHub-C5/internal/db/repo/order.sql.go:217.3,217.27 1 0
github.com/le-arch/EventHub-C5/internal/db/repo/order.sql.go:219.2,219.35 1 0
github.com/le-arch/EventHub-C5/internal/db/repo/order.sql.go:219.35,221.3 1 0
github.com/le-arch/EventHub-C5/internal/db/repo/order.sql.go:222.2,222.19 1 0
github.com/le-arch/EventHub-C5/internal/db/repo/order.sql.go:242.111,252.2 4 0
github.com/le-arch/EventHub-C5/internal/db/repo/order.sql.go:258.82,288.2 4 0
github.com/le-arch/EventHub-C5/internal/db/repo/order.sql.go:295.91,325.2 4 0
github.com/le-arch/EventHub-C5/internal/db/repo/order.sql.go:332.102,362.2 4 0
github.com/le-arch/EventHub-C5/internal/db/repo/order.sql.go:388.94,401.2 4 0
github.com/le-arch/EventHub-C5/internal/db/repo/order.sql.go:419.105,441.2 4 0
github.com/le-arch/EventHub-C5/internal/db/repo/order.sql.go:469.125,476.16 2 0
github.com/le-arch/EventHub-C5/internal/db/repo/order.sql.go:476.16,478.3 1 0
github.com/le-arch/EventHub-C5/internal/db/repo/order.sql.go:479.2,481.18 3 0
github.com/le-arch/EventHub-C5/internal/db/repo/order.sql.go:481.18,490.17 2 0
github.com/le-arch/EventHub-C5/internal/db/repo/order.sql.go:490.17,492.4 1 0
github.com/le-arch/EventHub-C5/internal/db/repo/order.sql.go:493.3,493.27 1 0
github.com/le-arch/EventHub-C5/internal/db/repo/order.sql.go:495.2,495.35 1 0
github.com/le-arch/EventHub-C5/internal/db/repo/order.sql.go:495.35,497.3 1 0
github.com/le-arch/EventHub-C5/internal/db/repo/order.sql.go:498.2,498.19 1 0
github.com/le-arch/EventHub-C5/internal/db/repo/order.sql.go:518.115,520.16 2 0
github.com/le-arch/EventHub-C5/internal/db/repo/order.sql.go:520.16,522.3 1 0
github.com/le-arch/EventHub-C5/internal/db/repo/order.sql.go:523.2,525.18 3 0
github.com/le-arch/EventHub-C5/internal/db/repo/order.sql.go:525.18,535.17 2 0
github.com/le-arch/EventHub-C5/internal/db/repo/order.sql.go:535.17,537.4 1 0
github.com/le-arch/EventHub-C5/internal/db/repo/order.sql.go:538.3,538.27 1 0
github.com/le-arch/EventHub-C5/internal/db/repo/order.sql.go:540.2,540.35 1 0
github.com/le-arch/EventHub-C5/internal/db/repo/order.sql.go:540.35,542.3 1 0
github.com/le-arch/EventHub-C5/internal/db/repo/order.sql.go:543.2,543.19 1 0
github.com/le-arch/EventHub-C5/internal/db/repo/order.sql.go:569.143,571.16 2 0
github.com/le-arch/EventHub-C5/internal/db/repo/order.sql.go:571.16,573.3 1 0
github.com/le-arch/EventHub-C5/internal/db/repo/order.sql.go:574.2,576.18 3 0
github.com/le-arch/EventHub-C5/internal/db/repo/order.sql.go:576.18,584.17 2 0
github.com/le-arch/EventHub-C5/internal/db/repo/order.sql.go:584.17,586.4 1 0
github.com/le-arch/EventHub-C5/internal/db/repo/order.sql.go:587.3,587.27 1 0
github.com/le-arch/EventHub-C5/internal/db/repo/order.sql.go:589.2,589.35 1 0
github.com/le-arch/EventHub-C5/internal/db/repo/order.sql.go:589.35,591.3 1 0
github.com/le-arch/EventHub-C5/internal/db/repo/order.sql.go:592.2,592.19 1 0
github.com/le-arch/EventHub-C5/internal/db/repo/order.sql.go:601.93,603.16 2 0
github.com/le-arch/EventHub-C5/internal/db/repo/order.sql.go:603.16,605.3 1 0
github.com/le-arch/EventHub-C5/internal/db/repo/order.sql.go:606.2,608.18 3 0
github.com/le-arch/EventHub-C5/internal/db/repo/order.sql.go:608.18,635.17 2 0
github.com/le-arch/EventHub-C5/internal/db/repo/order.sql.go:635.17,637.4 1 0
github.com/le-arch/EventHub-C5/internal/db/repo/order.sql.go:638.3,638.27 1 0
github.com/le-arch/EventHub-C5/internal/db/repo/order.sql.go:640.2,640.35 1 0
github.com/le-arch/EventHub-C5/internal/db/repo/order.sql.go:640.35,642.3 1 0
github.com/le-arch/EventHub-C5/internal/db/repo/order.sql.go:643.2,643.19 1 0
github.com/le-arch/EventHub-C5/internal/db/repo/order.sql.go:652.74,655.2 2 0
github.com/le-arch/EventHub-C5/internal/db/repo/order.sql.go:674.95,677.2 2 0
github.com/le-arch/EventHub-C5/internal/db/repo/order.sql.go:691.93,694.2 2 0
github.com/le-arch/EventHub-C5/internal/db/repo/order.sql.go:707.95,710.2 2 0
github.com/le-arch/EventHub-C5/internal/db/repo/ticket.sql.go:29.105,52.2 4 0
github.com/le-arch/EventHub-C5/internal/db/repo/ticket.sql.go:63.91,66.2 2 0
github.com/le-arch/EventHub-C5/internal/db/repo/ticket.sql.go:72.92,88.2 4 0
github.com/le-arch/EventHub-C5/internal/db/repo/ticket.sql.go:94.103,96.16 2 0
github.com/le-arch/EventHub-C5/internal/db/repo/ticket.sql.go:96.16,98.3 1 0
github.com/le-arch/EventHub-C5/internal/db/repo/ticket.sql.go:99.2,101.18 3 0
github.com/le-arch/EventHub-C5/internal/db/repo/ticket.sql.go:101.18,114.17 2 0
github.com/le-arch/EventHub-C5/internal/db/repo/ticket.sql.go:114.17,116.4 1 0
github.com/le-arch/EventHub-C5/internal/db/repo/ticket.sql.go:117.3,117.27 1 0
github.com/le-arch/EventHub-C5/internal/db/repo/ticket.sql.go:119.2,119.35 1 0
github.com/le-arch/EventHub-C5/internal/db/repo/ticket.sql.go:119.35,121.3 1 0
github.com/le-arch/EventHub-C5/internal/db/repo/ticket.sql.go:122.2,122.19 1 0
github.com/le-arch/EventHub-C5/internal/db/repo/ticket.sql.go:147.105,171.2 4 0
github.com/le-arch/EventHub-C5/internal/db/repo/user.sql.go:31.87,56.2 4 0
github.com/le-arch/EventHub-C5/internal/db/repo/user.sql.go:63.71,66.2 2 0
github.com/le-arch/EventHub-C5/internal/db/repo/user.sql.go:74.83,76.16 2 0
github.com/le-arch/EventHub-C5/internal/db/repo/user.sql.go:76.16,78.3 1 0
github.com/le-arch/EventHub-C5/internal/db/repo/user.sql.go:79.2,81.18 3 0
github.com/le-arch/EventHub-C5/internal/db/repo/user.sql.go:81.18,95.17 2 0
github.com/le-arch/EventHub-C5/internal/db/repo/user.sql.go:95.17,97.4 1 0
github.com/le-arch/EventHub-C5/internal/db/repo/user.sql.go:98.3,98.27 1 0
github.com/le-arch/EventHub-C5/internal/db/repo/user.sql.go:100.2,100.35 1 0
github.com/le-arch/EventHub-C5/internal/db/repo/user.sql.go:100.35,102.3 1 0
github.com/le-arch/EventHub-C5/internal/db/repo/user.sql.go:103.2,103.19 1 0
github.com/le-arch/EventHub-C5/internal/db/repo/user.sql.go:126.94,128.16 2 0
github.com/le-arch/EventHub-C5/internal/db/repo/user.sql.go:128.16,130.3 1 0
github.com/le-arch/EventHub-C5/internal/db/repo/user.sql.go:131.2,133.18 3 0
github.com/le-arch/EventHub-C5/internal/db/repo/user.sql.go:133.18,146.17 2 0
github.com/le-arch/EventHub-C5/internal/db/repo/user.sql.go:146.17,148.4 1 0
github.com/le-arch/EventHub-C5/internal/db/repo/user.sql.go:149.3,149.27 1 0
github.com/le-arch/EventHub-C5/internal/db/repo/user.sql.go:151.2,151.35 1 0
github.com/le-arch/EventHub-C5/internal/db/repo/user.sql.go:151.35,153.3 1 0
github.com/le-arch/EventHub-C5/internal/db/repo/user.sql.go:154.2,154.19 1 0
github.com/le-arch/EventHub-C5/internal/db/repo/user.sql.go:162.83,179.2 4 0
github.com/le-arch/EventHub-C5/internal/db/repo/user.sql.go:186.80,203.2 4 0
github.com/le-arch/EventHub-C5/internal/db/repo/user.sql.go:221.106,235.2 4 0
github.com/le-arch/EventHub-C5/internal/db/repo/user.sql.go:248.103,251.2 2 0
github.com/le-arch/EventHub-C5/internal/db/repo/user.sql.go:264.95,267.2 2 0
github.com/le-arch/EventHub-C5/internal/db/repo/user.sql.go:280.103,283.2 2 0
github.com/le-arch/EventHub-C5/internal/db/repo/user.sql.go:296.113,299.2 2 0
github.com/le-arch/EventHub-C5/internal/auth/email.go:12.121,14.16 2 0
github.com/le-arch/EventHub-C5/internal/auth/email.go:14.16,16.3 1 0
github.com/le-arch/EventHub-C5/internal/auth/email.go:19.2,23.16 3 0
github.com/le-arch/EventHub-C5/internal/auth/email.go:23.16,27.3 3 0
github.com/le-arch/EventHub-C5/internal/auth/email.go:28.2,28.12 1 0
github.com/le-arch/EventHub-C5/internal/auth/email.go:33.116,36.15 2 0
github.com/le-arch/EventHub-C5/internal/auth/email.go:36.15,38.3 1 0
github.com/le-arch/EventHub-C5/internal/auth/email.go:39.2,39.9 1 0
github.com/le-arch/EventHub-C5/internal/auth/email.go:39.9,41.3 1 0
github.com/le-arch/EventHub-C5/internal/auth/email.go:44.2,45.13 2 0
github.com/le-arch/EventHub-C5/internal/auth/email.go:45.13,47.3 1 0
github.com/le-arch/EventHub-C5/internal/auth/email.go:49.2,49.31 1 0
github.com/le-arch/EventHub-C5/internal/auth/jwt.go:30.94,47.2 3 0
github.com/le-arch/EventHub-C5/internal/auth/jwt.go:50.63,54.42 1 0
github.com/le-arch/EventHub-C5/internal/auth/jwt.go:54.42,55.54 1 0
github.com/le-arch/EventHub-C5/internal/auth/jwt.go:55.54,57.4 1 0
github.com/le-arch/EventHub-C5/internal/auth/jwt.go:58.3,58.29 1 0
github.com/le-arch/EventHub-C5/internal/auth/jwt.go:61.2,61.16 1 0
github.com/le-arch/EventHub-C5/internal/auth/jwt.go:61.16,63.3 1 0
github.com/le-arch/EventHub-C5/internal/auth/jwt.go:66.2,67.21 2 0
github.com/le-arch/EventHub-C5/internal/auth/jwt.go:67.21,69.3 1 0
github.com/le-arch/EventHub-C5/internal/auth/jwt.go:72.2,72.20 1 0
github.com/le-arch/EventHub-C5/internal/auth/jwt.go:76.64,86.2 3 0
github.com/le-arch/EventHub-C5/internal/auth/jwt.go:88.84,91.42 1 0
github.com/le-arch/EventHub-C5/internal/auth/jwt.go:91.42,92.54 1 0
github.com/le-arch/EventHub-C5/internal/auth/jwt.go:92.54,94.4 1 0
github.com/le-arch/EventHub-C5/internal/auth/jwt.go:95.3,95.29 1 0
github.com/le-arch/EventHub-C5/internal/auth/jwt.go:97.2,97.16 1 0
github.com/le-arch/EventHub-C5/internal/auth/jwt.go:97.16,99.3 1 0
github.com/le-arch/EventHub-C5/internal/auth/jwt.go:102.2,103.21 2 0
github.com/le-arch/EventHub-C5/internal/auth/jwt.go:103.21,105.3 1 0
github.com/le-arch/EventHub-C5/internal/auth/jwt.go:107.2,107.20 1 0
github.com/le-arch/EventHub-C5/internal/auth/middleware.go:11.55,12.30 1 0
github.com/le-arch/EventHub-C5/internal/auth/middleware.go:12.30,15.23 2 0
github.com/le-arch/EventHub-C5/internal/auth/middleware.go:15.23,18.4 2 0
github.com/le-arch/EventHub-C5/internal/auth/middleware.go:21.3,22.46 2 0
github.com/le-arch/EventHub-C5/internal/auth/middleware.go:22.46,25.4 2 0
github.com/le-arch/EventHub-C5/internal/auth/middleware.go:28.3,29.17 2 0
github.com/le-arch/EventHub-C5/internal/auth/middleware.go:29.17,32.4 2 0
github.com/le-arch/EventHub-C5/internal/auth/middleware.go:35.3,36.11 2 0
github.com/le-arch/EventHub-C5/internal/auth/middleware.go:41.63,42.33 1 0
github.com/le-arch/EventHub-C5/internal/auth/middleware.go:42.33,44.29 2 0
github.com/le-arch/EventHub-C5/internal/auth/middleware.go:44.29,47.10 2 0
github.com/le-arch/EventHub-C5/internal/auth/middleware.go:48.9,49.52 2 0
github.com/le-arch/EventHub-C5/internal/auth/middleware.go:49.52,52.10 2 0
github.com/le-arch/EventHub-C5/internal/auth/middleware.go:53.9,54.23 2 0
github.com/le-arch/EventHub-C5/internal/auth/middleware.go:54.23,57.10 2 0
github.com/le-arch/EventHub-C5/internal/auth/middleware.go:58.9,59.17 2 0
github.com/le-arch/EventHub-C5/internal/auth/otp.go:53.51,54.19 1 0
github.com/le-arch/EventHub-C5/internal/auth/otp.go:54.19,56.3 1 0
github.com/le-arch/EventHub-C5/internal/auth/otp.go:57.2,62.3 1 0
github.com/le-arch/EventHub-C5/internal/auth/otp.go:65.76,69.2 3 0
github.com/le-arch/EventHub-C5/internal/auth/otp.go:71.76,76.2 4 0
github.com/le-arch/EventHub-C5/internal/auth/otp.go:78.59,82.2 3 0
github.com/le-arch/EventHub-C5/internal/auth/otp.go:85.64,88.16 2 0
github.com/le-arch/EventHub-C5/internal/auth/otp.go:88.16,90.3 1 0
github.com/le-arch/EventHub-C5/internal/auth/otp.go:92.2,101.18 4 0
github.com/le-arch/EventHub-C5/internal/auth/otp.go:105.59,107.39 2 0
github.com/le-arch/EventHub-C5/internal/auth/otp.go:107.39,109.17 2 0
github.com/le-arch/EventHub-C5/internal/auth/otp.go:109.17,111.4 1 0
github.com/le-arch/EventHub-C5/internal/auth/otp.go:112.3,112.23 1 0
github.com/le-arch/EventHub-C5/internal/auth/otp.go:114.2,114.18 1 0
github.com/le-arch/EventHub-C5/internal/auth/otp.go:118.66,123.13 4 0
github.com/le-arch/EventHub-C5/internal/auth/otp.go:123.13,125.3 1 0
github.com/le-arch/EventHub-C5/internal/auth/otp.go:128.2,128.30 1 0
github.com/le-arch/EventHub-C5/internal/auth/otp.go:128.30,130.3 1 0
github.com/le-arch/EventHub-C5/internal/auth/otp.go:133.2,133.40 1 0
github.com/le-arch/EventHub-C5/internal/auth/otp.go:133.40,136.3 2 0
github.com/le-arch/EventHub-C5/internal/auth/otp.go:139.2,139.45 1 0
github.com/le-arch/EventHub-C5/internal/auth/otp.go:139.45,142.3 2 0
github.com/le-arch/EventHub-C5/internal/auth/otp.go:144.2,146.25 2 0
github.com/le-arch/EventHub-C5/internal/auth/otp.go:146.25,148.3 1 0
github.com/le-arch/EventHub-C5/internal/auth/otp.go:151.2,154.18 3 0
github.com/le-arch/EventHub-C5/internal/auth/otp.go:158.50,162.2 3 0
github.com/le-arch/EventHub-C5/internal/auth/otp.go:165.55,170.13 4 0
github.com/le-arch/EventHub-C5/internal/auth/otp.go:170.13,172.3 1 0
github.com/le-arch/EventHub-C5/internal/auth/otp.go:173.2,173.33 1 0
github.com/le-arch/EventHub-C5/internal/auth/otp.go:177.61,182.13 4 0
github.com/le-arch/EventHub-C5/internal/auth/otp.go:182.13,184.3 1 0
github.com/le-arch/EventHub-C5/internal/auth/otp.go:185.2,185.47 1 0
github.com/le-arch/EventHub-C5/internal/auth/otp.go:190.43,194.39 3 0
github.com/le-arch/EventHub-C5/internal/auth/otp.go:194.39,195.41 1 0
github.com/le-arch/EventHub-C5/internal/auth/otp.go:195.41,197.4 1 0
github.com/le-arch/EventHub-C5/internal/auth/otp.go:202.66,203.12 1 0
github.com/le-arch/EventHub-C5/internal/auth/otp.go:203.12,205.22 2 0
github.com/le-arch/EventHub-C5/internal/auth/otp.go:205.22,207.4 1 0
github.com/le-arch/EventHub-C5/internal/auth/otp.go:211.69,214.16 2 0
github.com/le-arch/EventHub-C5/internal/auth/otp.go:214.16,216.3 1 0
github.com/le-arch/EventHub-C5/internal/auth/otp.go:218.2,227.18 4 0
github.com/le-arch/EventHub-C5/internal/auth/otp.go:230.71,235.13 4 0
github.com/le-arch/EventHub-C5/internal/auth/otp.go:235.13,237.3 1 0
github.com/le-arch/EventHub-C5/internal/auth/otp.go:240.2,240.40 1 0
github.com/le-arch/EventHub-C5/internal/auth/otp.go:240.40,243.3 2 0
github.com/le-arch/EventHub-C5/internal/auth/otp.go:244.2,244.30 1 0
github.com/le-arch/EventHub-C5/internal/auth/otp.go:244.30,246.3 1 0
github.com/le-arch/EventHub-C5/internal/auth/otp.go:249.2,249.45 1 0
github.com/le-arch/EventHub-C5/internal/auth/otp.go:249.45,252.3 2 0
github.com/le-arch/EventHub-C5/internal/auth/otp.go:254.2,256.25 2 0
github.com/le-arch/EventHub-C5/internal/auth/otp.go:256.25,258.3 1 0
github.com/le-arch/EventHub-C5/internal/auth/otp.go:261.2,264.18 3 0
github.com/le-arch/EventHub-C5/internal/auth/otp.go:267.55,271.2 3 0
github.com/le-arch/EventHub-C5/internal/auth/password.go:9.52,13.19 2 0
github.com/le-arch/EventHub-C5/internal/auth/password.go:13.19,15.6 1 0
github.com/le-arch/EventHub-C5/internal/auth/password.go:16.5,16.36 1 0
github.com/le-arch/EventHub-C5/internal/auth/password.go:20.68,22.2 1 0
github.com/le-arch/EventHub-C5/internal/auth/revocation.go:15.44,19.2 1 0
github.com/le-arch/EventHub-C5/internal/auth/revocation.go:22.69,26.2 3 0
github.com/le-arch/EventHub-C5/internal/auth/revocation.go:28.56,33.13 4 0
github.com/le-arch/EventHub-C5/internal/auth/revocation.go:33.13,35.3 1 0
github.com/le-arch/EventHub-C5/internal/auth/revocation.go:37.2,37.30 1 0
github.com/le-arch/EventHub-C5/internal/auth/revocation.go:37.30,40.3 2 0
github.com/le-arch/EventHub-C5/internal/auth/revocation.go:41.2,41.13 1 0
github.com/le-arch/EventHub-C5/internal/email/sender.go:6.62,10.2 3 0
github.com/le-arch/EventHub-C5/internal/email/templates.go:9.78,19.2 5 0
github.com/le-arch/EventHub-C5/internal/handlers/admin.go:15.63,17.16 2 0
github.com/le-arch/EventHub-C5/internal/handlers/admin.go:17.16,20.3 2 0
github.com/le-arch/EventHub-C5/internal/handlers/admin.go:22.2,22.25 1 0
github.com/le-arch/EventHub-C5/internal/handlers/admin.go:22.25,25.3 2 0
github.com/le-arch/EventHub-C5/internal/handlers/admin.go:27.2,34.16 7 0
github.com/le-arch/EventHub-C5/internal/handlers/admin.go:34.16,37.3 2 0
github.com/le-arch/EventHub-C5/internal/handlers/admin.go:39.2,40.16 2 0
github.com/le-arch/EventHub-C5/internal/handlers/admin.go:40.16,43.3 2 0
github.com/le-arch/EventHub-C5/internal/handlers/admin.go:45.2,46.31 2 0
github.com/le-arch/EventHub-C5/internal/handlers/admin.go:46.31,69.3 1 0
github.com/le-arch/EventHub-C5/internal/handlers/admin.go:71.2,76.4 1 0
github.com/le-arch/EventHub-C5/internal/handlers/admin.go:79.62,81.16 2 0
github.com/le-arch/EventHub-C5/internal/handlers/admin.go:81.16,84.3 2 0
github.com/le-arch/EventHub-C5/internal/handlers/admin.go:86.2,86.25 1 0
github.com/le-arch/EventHub-C5/internal/handlers/admin.go:86.25,89.3 2 0
github.com/le-arch/EventHub-C5/internal/handlers/admin.go:90.5,91.16 2 0
github.com/le-arch/EventHub-C5/internal/handlers/admin.go:91.16,94.6 2 0
github.com/le-arch/EventHub-C5/internal/handlers/admin.go:96.2,98.29 2 0
github.com/le-arch/EventHub-C5/internal/handlers/admin.go:98.29,111.2 1 0
github.com/le-arch/EventHub-C5/internal/handlers/admin.go:113.5,113.36 1 0
github.com/le-arch/EventHub-C5/internal/handlers/admin.go:116.72,119.16 2 0
github.com/le-arch/EventHub-C5/internal/handlers/admin.go:119.16,122.3 2 0
github.com/le-arch/EventHub-C5/internal/handlers/admin.go:124.2,124.25 1 0
github.com/le-arch/EventHub-C5/internal/handlers/admin.go:124.25,127.3 2 0
github.com/le-arch/EventHub-C5/internal/handlers/admin.go:129.2,130.19 2 0
github.com/le-arch/EventHub-C5/internal/handlers/admin.go:130.19,133.6 2 0
github.com/le-arch/EventHub-C5/internal/handlers/admin.go:135.2,136.47 2 0
github.com/le-arch/EventHub-C5/internal/handlers/admin.go:136.47,139.6 2 0
github.com/le-arch/EventHub-C5/internal/handlers/admin.go:141.5,145.16 2 0
github.com/le-arch/EventHub-C5/internal/handlers/admin.go:145.16,148.6 2 0
github.com/le-arch/EventHub-C5/internal/handlers/admin.go:152.5,152.103 1 0
github.com/le-arch/EventHub-C5/internal/handlers/admin.go:156.67,158.42 2 0
github.com/le-arch/EventHub-C5/internal/handlers/admin.go:158.42,161.6 2 0
github.com/le-arch/EventHub-C5/internal/handlers/admin.go:162.5,163.19 2 0
github.com/le-arch/EventHub-C5/internal/handlers/admin.go:163.19,166.6 2 0
github.com/le-arch/EventHub-C5/internal/handlers/admin.go:167.5,171.19 2 0
github.com/le-arch/EventHub-C5/internal/handlers/admin.go:171.19,174.6 2 0
github.com/le-arch/EventHub-C5/internal/handlers/admin.go:175.5,175.89 1 0
github.com/le-arch/EventHub-C5/internal/handlers/admin.go:178.67,180.42 2 0
github.com/le-arch/EventHub-C5/internal/handlers/admin.go:180.42,183.6 2 0
github.com/le-arch/EventHub-C5/internal/handlers/admin.go:184.5,185.19 2 0
github.com/le-arch/EventHub-C5/internal/handlers/admin.go:185.19,188.6 2 0
github.com/le-arch/EventHub-C5/internal/handlers/admin.go:189.5,193.19 2 0
github.com/le-arch/EventHub-C5/internal/handlers/admin.go:193.19,196.6 2 0
github.com/le-arch/EventHub-C5/internal/handlers/admin.go:197.5,197.101 1 0
github.com/le-arch/EventHub-C5/internal/handlers/admin.go:201.65,204.16 3 0
github.com/le-arch/EventHub-C5/internal/handlers/admin.go:204.16,207.3 2 0
github.com/le-arch/EventHub-C5/internal/handlers/admin.go:210.2,211.16 2 0
github.com/le-arch/EventHub-C5/internal/handlers/admin.go:211.16,214.3 2 0
github.com/le-arch/EventHub-C5/internal/handlers/admin.go:216.2,220.16 2 0
github.com/le-arch/EventHub-C5/internal/handlers/admin.go:220.16,223.3 2 0
github.com/le-arch/EventHub-C5/internal/handlers/admin.go:224.2,224.76 1 0
github.com/le-arch/EventHub-C5/internal/handlers/admin.go:228.61,231.16 3 0
github.com/le-arch/EventHub-C5/internal/handlers/admin.go:231.16,234.3 2 0
github.com/le-arch/EventHub-C5/internal/handlers/admin.go:236.2,237.16 2 0
github.com/le-arch/EventHub-C5/internal/handlers/admin.go:237.16,240.3 2 0
github.com/le-arch/EventHub-C5/internal/handlers/admin.go:242.2,246.16 2 0
github.com/le-arch/EventHub-C5/internal/handlers/admin.go:246.16,249.3 2 0
github.com/le-arch/EventHub-C5/internal/handlers/admin.go:250.2,250.59 1 0
github.com/le-arch/EventHub-C5/internal/handlers/admin.go:254.63,257.16 3 0
github.com/le-arch/EventHub-C5/internal/handlers/admin.go:257.16,260.3 2 0
github.com/le-arch/EventHub-C5/internal/handlers/admin.go:262.2,263.16 2 0
github.com/le-arch/EventHub-C5/internal/handlers/admin.go:263.16,266.3 2 0
github.com/le-arch/EventHub-C5/internal/handlers/admin.go:268.2,272.16 2 0
github.com/le-arch/EventHub-C5/internal/handlers/admin.go:272.16,275.3 2 0
github.com/le-arch/EventHub-C5/internal/handlers/admin.go:276.2,276.61 1 0
github.com/le-arch/EventHub-C5/internal/handlers/admin.go:280.60,283.16 3 0
github.com/le-arch/EventHub-C5/internal/handlers/admin.go:283.16,286.3 2 0
github.com/le-arch/EventHub-C5/internal/handlers/admin.go:289.2,290.16 2 0
github.com/le-arch/EventHub-C5/internal/handlers/admin.go:290.16,293.3 2 0
github.com/le-arch/EventHub-C5/internal/handlers/admin.go:295.2,296.16 2 0
github.com/le-arch/EventHub-C5/internal/handlers/admin.go:296.16,299.3 2 0
github.com/le-arch/EventHub-C5/internal/handlers/admin.go:300.2,300.57 1 0
github.com/le-arch/EventHub-C5/internal/handlers/admin.go:304.70,308.47 2 0
github.com/le-arch/EventHub-C5/internal/handlers/admin.go:308.47,311.3 2 0
github.com/le-arch/EventHub-C5/internal/handlers/admin.go:313.2,313.36 1 0
github.com/le-arch/EventHub-C5/internal/handlers/admin.go:313.36,315.17 2 0
github.com/le-arch/EventHub-C5/internal/handlers/admin.go:315.17,316.12 1 0
github.com/le-arch/EventHub-C5/internal/handlers/admin.go:318.3,321.5 1 0
github.com/le-arch/EventHub-C5/internal/handlers/admin.go:324.2,324.77 1 0
github.com/le-arch/EventHub-C5/internal/handlers/admin.go:328.66,332.47 2 0
github.com/le-arch/EventHub-C5/internal/handlers/admin.go:332.47,335.3 2 0
github.com/le-arch/EventHub-C5/internal/handlers/admin.go:337.2,337.36 1 0
github.com/le-arch/EventHub-C5/internal/handlers/admin.go:337.36,339.17 2 0
github.com/le-arch/EventHub-C5/internal/handlers/admin.go:339.17,340.12 1 0
github.com/le-arch/EventHub-C5/internal/handlers/admin.go:342.3,345.5 1 0
github.com/le-arch/EventHub-C5/internal/handlers/admin.go:348.2,348.73 1 0
github.com/le-arch/EventHub-C5/internal/handlers/admin.go:352.66,354.39 2 0
github.com/le-arch/EventHub-C5/internal/handlers/admin.go:354.39,357.3 2 0
github.com/le-arch/EventHub-C5/internal/handlers/admin.go:359.2,360.16 2 0
github.com/le-arch/EventHub-C5/internal/handlers/admin.go:360.16,363.3 2 0
github.com/le-arch/EventHub-C5/internal/handlers/admin.go:365.2,369.16 2 0
github.com/le-arch/EventHub-C5/internal/handlers/admin.go:369.16,372.3 2 0
github.com/le-arch/EventHub-C5/internal/handlers/admin.go:374.2,374.99 1 0
github.com/le-arch/EventHub-C5/internal/handlers/admin.go:377.69,380.21 2 0
github.com/le-arch/EventHub-C5/internal/handlers/admin.go:380.21,383.3 2 0
github.com/le-arch/EventHub-C5/internal/handlers/admin.go:386.2,388.21 3 0
github.com/le-arch/EventHub-C5/internal/handlers/admin.go:388.21,390.3 1 0
github.com/le-arch/EventHub-C5/internal/handlers/admin.go:392.2,394.51 3 0
github.com/le-arch/EventHub-C5/internal/handlers/admin.go:394.51,396.3 1 0
github.com/le-arch/EventHub-C5/internal/handlers/admin.go:398.2,408.16 5 0
github.com/le-arch/EventHub-C5/internal/handlers/admin.go:408.16,411.3 2 0
github.com/le-arch/EventHub-C5/internal/handlers/admin.go:413.2,414.33 2 0
github.com/le-arch/EventHub-C5/internal/handlers/admin.go:414.33,423.3 1 0
github.com/le-arch/EventHub-C5/internal/handlers/admin.go:424.2,424.33 1 0
github.com/le-arch/EventHub-C5/internal/handlers/admin.go:427.70,429.24 2 0
github.com/le-arch/EventHub-C5/internal/handlers/admin.go:429.24,432.6 2 0
github.com/le-arch/EventHub-C5/internal/handlers/admin.go:434.5,435.19 2 0
github.com/le-arch/EventHub-C5/internal/handlers/admin.go:435.19,438.6 2 0
github.com/le-arch/EventHub-C5/internal/handlers/admin.go:441.5,442.30 2 0
github.com/le-arch/EventHub-C5/internal/handlers/admin.go:442.30,444.6 1 0
github.com/le-arch/EventHub-C5/internal/handlers/admin.go:446.5,455.7 1 0
github.com/le-arch/EventHub-C5/internal/handlers/api.go:29.300,43.2 1 1
github.com/le-arch/EventHub-C5/internal/handlers/api.go:46.58,81.2 23 0
github.com/le-arch/EventHub-C5/internal/handlers/api.go:81.2,127.3 36 0
github.com/le-arch/EventHub-C5/internal/handlers/api.go:130.2,130.10 1 0
github.com/le-arch/EventHub-C5/internal/handlers/auth.go:19.58,24.16 3 0
github.com/le-arch/EventHub-C5/internal/handlers/auth.go:24.16,27.3 2 0
github.com/le-arch/EventHub-C5/internal/handlers/auth.go:30.2,31.19 2 0
github.com/le-arch/EventHub-C5/internal/handlers/auth.go:31.19,34.3 2 0
github.com/le-arch/EventHub-C5/internal/handlers/auth.go:37.2,38.16 2 0
github.com/le-arch/EventHub-C5/internal/handlers/auth.go:38.16,41.3 2 0
github.com/le-arch/EventHub-C5/internal/handlers/auth.go:43.2,44.14 2 0
github.com/le-arch/EventHub-C5/internal/handlers/auth.go:44.14,47.3 2 0
github.com/le-arch/EventHub-C5/internal/handlers/auth.go:49.2,59.16 3 0
github.com/le-arch/EventHub-C5/internal/handlers/auth.go:59.16,62.3 2 0
github.com/le-arch/EventHub-C5/internal/handlers/auth.go:65.2,65.87 1 0
github.com/le-arch/EventHub-C5/internal/handlers/auth.go:68.61,71.16 3 0
github.com/le-arch/EventHub-C5/internal/handlers/auth.go:71.16,74.3 2 0
github.com/le-arch/EventHub-C5/internal/handlers/auth.go:76.2,77.16 2 0
github.com/le-arch/EventHub-C5/internal/handlers/auth.go:77.16,80.3 2 0
github.com/le-arch/EventHub-C5/internal/handlers/auth.go:81.2,81.9 1 0
github.com/le-arch/EventHub-C5/internal/handlers/auth.go:81.9,84.3 2 0
github.com/le-arch/EventHub-C5/internal/handlers/auth.go:86.2,87.9 2 0
github.com/le-arch/EventHub-C5/internal/handlers/auth.go:87.9,90.3 2 0
github.com/le-arch/EventHub-C5/internal/handlers/auth.go:92.2,93.9 2 0
github.com/le-arch/EventHub-C5/internal/handlers/auth.go:93.9,96.3 2 0
github.com/le-arch/EventHub-C5/internal/handlers/auth.go:98.2,113.16 4 0
github.com/le-arch/EventHub-C5/internal/handlers/auth.go:113.16,116.3 2 0
github.com/le-arch/EventHub-C5/internal/handlers/auth.go:119.2,126.16 2 0
github.com/le-arch/EventHub-C5/internal/handlers/auth.go:126.16,129.3 2 0
github.com/le-arch/EventHub-C5/internal/handlers/auth.go:131.2,150.16 5 0
github.com/le-arch/EventHub-C5/internal/handlers/auth.go:150.16,153.3 2 0
github.com/le-arch/EventHub-C5/internal/handlers/auth.go:155.2,160.4 1 0
github.com/le-arch/EventHub-C5/internal/handlers/auth.go:163.55,167.16 3 0
github.com/le-arch/EventHub-C5/internal/handlers/auth.go:167.16,170.3 2 0
github.com/le-arch/EventHub-C5/internal/handlers/auth.go:173.2,174.16 2 0
github.com/le-arch/EventHub-C5/internal/handlers/auth.go:174.16,175.36 1 0
github.com/le-arch/EventHub-C5/internal/handlers/auth.go:175.36,178.4 2 0
github.com/le-arch/EventHub-C5/internal/handlers/auth.go:179.3,180.9 2 0
github.com/le-arch/EventHub-C5/internal/handlers/auth.go:184.2,185.16 2 0
github.com/le-arch/EventHub-C5/internal/handlers/auth.go:185.16,188.3 2 0
github.com/le-arch/EventHub-C5/internal/handlers/auth.go:191.2,191.27 1 0
github.com/le-arch/EventHub-C5/internal/handlers/auth.go:191.27,194.3 2 0
github.com/le-arch/EventHub-C5/internal/handlers/auth.go:197.2,204.16 2 0
github.com/le-arch/EventHub-C5/internal/handlers/auth.go:204.16,207.3 2 0
github.com/le-arch/EventHub-C5/internal/handlers/auth.go:210.2,213.16 2 0
github.com/le-arch/EventHub-C5/internal/handlers/auth.go:213.16,216.3 2 0
github.com/le-arch/EventHub-C5/internal/handlers/auth.go:218.2,237.4 2 0
github.com/le-arch/EventHub-C5/internal/handlers/auth.go:240.62,243.16 3 0
github.com/le-arch/EventHub-C5/internal/handlers/auth.go:243.16,246.3 2 0
github.com/le-arch/EventHub-C5/internal/handlers/auth.go:249.2,249.51 1 0
github.com/le-arch/EventHub-C5/internal/handlers/auth.go:249.51,252.3 2 0
github.com/le-arch/EventHub-C5/internal/handlers/auth.go:255.2,256.16 2 0
github.com/le-arch/EventHub-C5/internal/handlers/auth.go:256.16,259.3 2 0
github.com/le-arch/EventHub-C5/internal/handlers/auth.go:262.2,265.16 3 0
github.com/le-arch/EventHub-C5/internal/handlers/auth.go:265.16,268.3 2 0
github.com/le-arch/EventHub-C5/internal/handlers/auth.go:271.2,278.16 2 0
github.com/le-arch/EventHub-C5/internal/handlers/auth.go:278.16,281.3 2 0
github.com/le-arch/EventHub-C5/internal/handlers/auth.go:283.2,286.4 1 0
github.com/le-arch/EventHub-C5/internal/handlers/auth.go:289.56,292.16 3 0
github.com/le-arch/EventHub-C5/internal/handlers/auth.go:292.16,295.3 2 0
github.com/le-arch/EventHub-C5/internal/handlers/auth.go:298.2,299.16 2 0
github.com/le-arch/EventHub-C5/internal/handlers/auth.go:299.16,302.3 2 0
github.com/le-arch/EventHub-C5/internal/handlers/auth.go:305.2,308.4 2 0
github.com/le-arch/EventHub-C5/internal/handlers/auth.go:311.64,314.16 3 0
github.com/le-arch/EventHub-C5/internal/handlers/auth.go:314.16,317.3 2 0
github.com/le-arch/EventHub-C5/internal/handlers/auth.go:320.2,321.16 2 0
github.com/le-arch/EventHub-C5/internal/handlers/auth.go:321.16,324.3 2 0
github.com/le-arch/EventHub-C5/internal/handlers/auth.go:327.2,328.16 2 0
github.com/le-arch/EventHub-C5/internal/handlers/auth.go:328.16,331.3 2 0
github.com/le-arch/EventHub-C5/internal/handlers/auth.go:334.2,335.16 2 0
github.com/le-arch/EventHub-C5/internal/handlers/auth.go:335.16,338.3 2 0
github.com/le-arch/EventHub-C5/internal/handlers/auth.go:340.2,340.81 1 0
github.com/le-arch/EventHub-C5/internal/handlers/auth.go:343.64,346.16 3 0
github.com/le-arch/EventHub-C5/internal/handlers/auth.go:346.16,349.3 2 0
github.com/le-arch/EventHub-C5/internal/handlers/auth.go:352.2,353.23 2 0
github.com/le-arch/EventHub-C5/internal/handlers/auth.go:353.23,356.3 2 0
github.com/le-arch/EventHub-C5/internal/handlers/auth.go:359.2,360.16 2 0
github.com/le-arch/EventHub-C5/internal/handlers/auth.go:360.16,363.3 2 0
github.com/le-arch/EventHub-C5/internal/handlers/auth.go:366.2,370.16 2 0
github.com/le-arch/EventHub-C5/internal/handlers/auth.go:370.16,373.3 2 0
github.com/le-arch/EventHub-C5/internal/handlers/auth.go:375.2,377.70 2 0
github.com/le-arch/EventHub-C5/internal/handlers/auth.go:380.64,382.13 2 0
github.com/le-arch/EventHub-C5/internal/handlers/auth.go:382.13,385.3 2 0
github.com/le-arch/EventHub-C5/internal/handlers/auth.go:387.2,388.9 2 0
github.com/le-arch/EventHub-C5/internal/handlers/auth.go:388.9,391.3 2 0
github.com/le-arch/EventHub-C5/internal/handlers/auth.go:393.2,394.16 2 0
github.com/le-arch/EventHub-C5/internal/handlers/auth.go:394.16,397.3 2 0
github.com/le-arch/EventHub-C5/internal/handlers/auth.go:399.2,409.4 1 0
github.com/le-arch/EventHub-C5/internal/handlers/auth.go:412.59,415.16 3 0
github.com/le-arch/EventHub-C5/internal/handlers/auth.go:415.16,418.3 2 0
github.com/le-arch/EventHub-C5/internal/handlers/auth.go:421.2,422.13 2 0
github.com/le-arch/EventHub-C5/internal/handlers/auth.go:422.13,425.3 2 0
github.com/le-arch/EventHub-C5/internal/handlers/auth.go:428.2,429.16 2 0
github.com/le-arch/EventHub-C5/internal/handlers/auth.go:429.16,432.3 2 0
github.com/le-arch/EventHub-C5/internal/handlers/auth.go:434.2,435.16 2 0
github.com/le-arch/EventHub-C5/internal/handlers/auth.go:435.16,438.3 2 0
github.com/le-arch/EventHub-C5/internal/handlers/auth.go:440.2,440.82 1 0
github.com/le-arch/EventHub-C5/internal/handlers/checkin.go:16.57,18.47 2 0
github.com/le-arch/EventHub-C5/internal/handlers/checkin.go:18.47,21.3 2 0
github.com/le-arch/EventHub-C5/internal/handlers/checkin.go:23.2,26.29 3 0
github.com/le-arch/EventHub-C5/internal/handlers/checkin.go:26.29,28.3 1 0
github.com/le-arch/EventHub-C5/internal/handlers/checkin.go:28.8,28.29 1 0
github.com/le-arch/EventHub-C5/internal/handlers/checkin.go:28.29,30.3 1 0
github.com/le-arch/EventHub-C5/internal/handlers/checkin.go:30.8,33.3 2 0
github.com/le-arch/EventHub-C5/internal/handlers/checkin.go:34.2,34.16 1 0
github.com/le-arch/EventHub-C5/internal/handlers/checkin.go:34.16,37.3 2 0
github.com/le-arch/EventHub-C5/internal/handlers/checkin.go:40.2,40.51 1 0
github.com/le-arch/EventHub-C5/internal/handlers/checkin.go:40.51,43.3 2 0
github.com/le-arch/EventHub-C5/internal/handlers/checkin.go:47.2,47.18 1 0
github.com/le-arch/EventHub-C5/internal/handlers/checkin.go:47.18,50.3 2 0
github.com/le-arch/EventHub-C5/internal/handlers/checkin.go:52.2,53.16 2 0
github.com/le-arch/EventHub-C5/internal/handlers/checkin.go:53.16,56.3 2 0
github.com/le-arch/EventHub-C5/internal/handlers/checkin.go:59.2,60.16 2 0
github.com/le-arch/EventHub-C5/internal/handlers/checkin.go:60.16,63.3 2 0
github.com/le-arch/EventHub-C5/internal/handlers/checkin.go:65.2,71.4 1 0
github.com/le-arch/EventHub-C5/internal/handlers/checkin.go:74.65,77.16 3 0
github.com/le-arch/EventHub-C5/internal/handlers/checkin.go:77.16,80.3 2 0
github.com/le-arch/EventHub-C5/internal/handlers/checkin.go:83.2,84.16 2 0
github.com/le-arch/EventHub-C5/internal/handlers/checkin.go:84.16,87.3 2 0
github.com/le-arch/EventHub-C5/internal/handlers/checkin.go:88.2,89.16 2 0
github.com/le-arch/EventHub-C5/internal/handlers/checkin.go:89.16,92.3 2 0
github.com/le-arch/EventHub-C5/internal/handlers/checkin.go:93.2,94.52 2 0
github.com/le-arch/EventHub-C5/internal/handlers/checkin.go:94.52,97.3 2 0
github.com/le-arch/EventHub-C5/internal/handlers/checkin.go:99.2,100.16 2 0
github.com/le-arch/EventHub-C5/internal/handlers/checkin.go:100.16,103.3 2 0
github.com/le-arch/EventHub-C5/internal/handlers/checkin.go:105.2,106.30 2 0
github.com/le-arch/EventHub-C5/internal/handlers/checkin.go:106.30,116.3 1 0
github.com/le-arch/EventHub-C5/internal/handlers/checkin.go:117.2,117.33 1 0
github.com/le-arch/EventHub-C5/internal/handlers/checkin.go:120.64,123.16 3 0
github.com/le-arch/EventHub-C5/internal/handlers/checkin.go:123.16,126.3 2 0
github.com/le-arch/EventHub-C5/internal/handlers/checkin.go:128.2,129.16 2 0
github.com/le-arch/EventHub-C5/internal/handlers/checkin.go:129.16,132.3 2 0
github.com/le-arch/EventHub-C5/internal/handlers/checkin.go:134.2,134.32 1 0
github.com/le-arch/EventHub-C5/internal/handlers/checkin.go:134.32,137.3 2 0
github.com/le-arch/EventHub-C5/internal/handlers/checkin.go:140.2,140.52 1 0
github.com/le-arch/EventHub-C5/internal/handlers/checkin.go:143.65,146.16 3 0
github.com/le-arch/EventHub-C5/internal/handlers/checkin.go:146.16,149.3 2 0
github.com/le-arch/EventHub-C5/internal/handlers/checkin.go:151.2,152.16 2 0
github.com/le-arch/EventHub-C5/internal/handlers/checkin.go:152.16,155.3 2 0
github.com/le-arch/EventHub-C5/internal/handlers/checkin.go:157.2,158.16 2 0
github.com/le-arch/EventHub-C5/internal/handlers/checkin.go:158.16,161.3 2 0
github.com/le-arch/EventHub-C5/internal/handlers/checkin.go:163.2,164.16 2 0
github.com/le-arch/EventHub-C5/internal/handlers/checkin.go:164.16,167.3 2 0
github.com/le-arch/EventHub-C5/internal/handlers/checkin.go:169.2,186.33 2 0
github.com/le-arch/EventHub-C5/internal/handlers/checkin.go:189.67,192.19 3 0
github.com/le-arch/EventHub-C5/internal/handlers/checkin.go:192.19,195.6 2 0
github.com/le-arch/EventHub-C5/internal/handlers/checkin.go:198.5,201.19 4 0
github.com/le-arch/EventHub-C5/internal/handlers/checkin.go:201.19,204.6 2 0
github.com/le-arch/EventHub-C5/internal/handlers/checkin.go:205.5,205.55 1 0
github.com/le-arch/EventHub-C5/internal/handlers/checkin.go:205.55,208.6 2 0
github.com/le-arch/EventHub-C5/internal/handlers/checkin.go:211.5,220.19 5 0
github.com/le-arch/EventHub-C5/internal/handlers/checkin.go:220.19,223.6 2 0
github.com/le-arch/EventHub-C5/internal/handlers/checkin.go:225.5,226.31 2 0
github.com/le-arch/EventHub-C5/internal/handlers/checkin.go:226.31,234.6 1 0
github.com/le-arch/EventHub-C5/internal/handlers/checkin.go:235.5,235.36 1 0
github.com/le-arch/EventHub-C5/internal/handlers/events.go:19.61,21.47 2 1
github.com/le-arch/EventHub-C5/internal/handlers/events.go:21.47,24.3 2 1
github.com/le-arch/EventHub-C5/internal/handlers/events.go:26.2,27.43 2 1
github.com/le-arch/EventHub-C5/internal/handlers/events.go:27.43,30.3 2 1
github.com/le-arch/EventHub-C5/internal/handlers/events.go:32.2,33.16 2 0
github.com/le-arch/EventHub-C5/internal/handlers/events.go:33.16,36.3 2 0
github.com/le-arch/EventHub-C5/internal/handlers/events.go:38.2,39.16 2 0
github.com/le-arch/EventHub-C5/internal/handlers/events.go:39.16,42.3 2 0
github.com/le-arch/EventHub-C5/internal/handlers/events.go:44.2,45.16 2 0
github.com/le-arch/EventHub-C5/internal/handlers/events.go:45.16,48.3 2 0
github.com/le-arch/EventHub-C5/internal/handlers/events.go:49.2,49.31 1 0
github.com/le-arch/EventHub-C5/internal/handlers/events.go:49.31,52.3 2 0
github.com/le-arch/EventHub-C5/internal/handlers/events.go:54.2,55.23 2 0
github.com/le-arch/EventHub-C5/internal/handlers/events.go:55.23,57.17 2 0
github.com/le-arch/EventHub-C5/internal/handlers/events.go:57.17,60.4 2 0
github.com/le-arch/EventHub-C5/internal/handlers/events.go:61.3,61.20 1 0
github.com/le-arch/EventHub-C5/internal/handlers/events.go:64.2,64.21 1 0
github.com/le-arch/EventHub-C5/internal/handlers/events.go:64.21,66.3 1 0
github.com/le-arch/EventHub-C5/internal/handlers/events.go:68.2,69.30 2 0
github.com/le-arch/EventHub-C5/internal/handlers/events.go:69.30,71.17 2 0
github.com/le-arch/EventHub-C5/internal/handlers/events.go:71.17,74.4 2 0
github.com/le-arch/EventHub-C5/internal/handlers/events.go:75.3,75.27 1 0
github.com/le-arch/EventHub-C5/internal/handlers/events.go:78.2,79.28 2 0
github.com/le-arch/EventHub-C5/internal/handlers/events.go:79.28,81.17 2 0
github.com/le-arch/EventHub-C5/internal/handlers/events.go:81.17,84.4 2 0
github.com/le-arch/EventHub-C5/internal/handlers/events.go:85.3,85.25 1 0
github.com/le-arch/EventHub-C5/internal/handlers/events.go:88.2,105.16 2 0
github.com/le-arch/EventHub-C5/internal/handlers/events.go:105.16,108.3 2 0
github.com/le-arch/EventHub-C5/internal/handlers/events.go:111.2,112.26 2 0
github.com/le-arch/EventHub-C5/internal/handlers/events.go:112.26,114.3 1 0
github.com/le-arch/EventHub-C5/internal/handlers/events.go:115.2,115.33 1 0
github.com/le-arch/EventHub-C5/internal/handlers/events.go:115.33,117.3 1 0
github.com/le-arch/EventHub-C5/internal/handlers/events.go:118.2,118.31 1 0
github.com/le-arch/EventHub-C5/internal/handlers/events.go:118.31,120.3 1 0
github.com/le-arch/EventHub-C5/internal/handlers/events.go:122.2,123.28 2 0
github.com/le-arch/EventHub-C5/internal/handlers/events.go:123.28,125.3 1 0
github.com/le-arch/EventHub-C5/internal/handlers/events.go:126.2,126.26 1 0
github.com/le-arch/EventHub-C5/internal/handlers/events.go:126.26,128.3 1 0
github.com/le-arch/EventHub-C5/internal/handlers/events.go:130.2,151.38 2 0
github.com/le-arch/EventHub-C5/internal/handlers/events.go:154.61,157.19 2 0
github.com/le-arch/EventHub-C5/internal/handlers/events.go:157.19,160.6 2 0
github.com/le-arch/EventHub-C5/internal/handlers/events.go:162.5,163.19 2 0
github.com/le-arch/EventHub-C5/internal/handlers/events.go:163.19,166.6 2 0
github.com/le-arch/EventHub-C5/internal/handlers/events.go:169.5,171.22 3 0
github.com/le-arch/EventHub-C5/internal/handlers/events.go:171.22,174.6 2 0
github.com/le-arch/EventHub-C5/internal/handlers/events.go:177.5,178.19 2 0
github.com/le-arch/EventHub-C5/internal/handlers/events.go:178.19,181.6 2 0
github.com/le-arch/EventHub-C5/internal/handlers/events.go:182.5,186.19 3 0
github.com/le-arch/EventHub-C5/internal/handlers/events.go:186.19,190.6 3 0
github.com/le-arch/EventHub-C5/internal/handlers/events.go:192.5,192.45 1 0
github.com/le-arch/EventHub-C5/internal/handlers/events.go:195.70,197.16 2 0
github.com/le-arch/EventHub-C5/internal/handlers/events.go:197.16,200.3 2 0
github.com/le-arch/EventHub-C5/internal/handlers/events.go:201.5,203.19 3 0
github.com/le-arch/EventHub-C5/internal/handlers/events.go:203.19,206.6 2 0
github.com/le-arch/EventHub-C5/internal/handlers/events.go:208.5,212.16 2 0
github.com/le-arch/EventHub-C5/internal/handlers/events.go:212.16,215.6 2 0
github.com/le-arch/EventHub-C5/internal/handlers/events.go:218.2,246.36 3 0
github.com/le-arch/EventHub-C5/internal/handlers/events.go:249.71,251.43 2 0
github.com/le-arch/EventHub-C5/internal/handlers/events.go:251.43,254.3 2 0
github.com/le-arch/EventHub-C5/internal/handlers/events.go:256.5,257.16 2 0
github.com/le-arch/EventHub-C5/internal/handlers/events.go:257.16,260.3 2 0
github.com/le-arch/EventHub-C5/internal/handlers/events.go:262.2,266.16 4 0
github.com/le-arch/EventHub-C5/internal/handlers/events.go:266.16,269.6 2 0
github.com/le-arch/EventHub-C5/internal/handlers/events.go:271.2,272.31 2 0
github.com/le-arch/EventHub-C5/internal/handlers/events.go:272.31,273.65 1 0
github.com/le-arch/EventHub-C5/internal/handlers/events.go:273.65,274.12 1 0
github.com/le-arch/EventHub-C5/internal/handlers/events.go:276.3,276.24 1 0
github.com/le-arch/EventHub-C5/internal/handlers/events.go:276.24,280.55 2 0
github.com/le-arch/EventHub-C5/internal/handlers/events.go:280.55,281.13 1 0
github.com/le-arch/EventHub-C5/internal/handlers/events.go:284.3,284.37 1 0
github.com/le-arch/EventHub-C5/internal/handlers/events.go:287.2,289.33 2 0
github.com/le-arch/EventHub-C5/internal/handlers/events.go:289.33,316.2 2 0
github.com/le-arch/EventHub-C5/internal/handlers/events.go:318.2,318.33 1 0
github.com/le-arch/EventHub-C5/internal/handlers/events.go:321.62,324.19 3 0
github.com/le-arch/EventHub-C5/internal/handlers/events.go:324.19,327.6 2 0
github.com/le-arch/EventHub-C5/internal/handlers/events.go:329.5,330.19 2 0
github.com/le-arch/EventHub-C5/internal/handlers/events.go:330.19,333.6 2 0
github.com/le-arch/EventHub-C5/internal/handlers/events.go:336.5,338.55 3 0
github.com/le-arch/EventHub-C5/internal/handlers/events.go:338.55,341.6 2 0
github.com/le-arch/EventHub-C5/internal/handlers/events.go:343.5,370.36 3 0
github.com/le-arch/EventHub-C5/internal/handlers/events.go:373.64,376.19 3 0
github.com/le-arch/EventHub-C5/internal/handlers/events.go:376.19,379.6 2 0
github.com/le-arch/EventHub-C5/internal/handlers/events.go:381.5,382.19 2 0
github.com/le-arch/EventHub-C5/internal/handlers/events.go:382.19,385.6 2 0
github.com/le-arch/EventHub-C5/internal/handlers/events.go:387.5,413.36 3 0
github.com/le-arch/EventHub-C5/internal/handlers/events.go:418.41,419.29 1 0
github.com/le-arch/EventHub-C5/internal/handlers/events.go:419.29,421.6 1 0
github.com/le-arch/EventHub-C5/internal/handlers/events.go:422.5,423.19 2 0
github.com/le-arch/EventHub-C5/internal/handlers/events.go:423.19,425.6 1 0
github.com/le-arch/EventHub-C5/internal/handlers/events.go:426.5,426.14 1 0
github.com/le-arch/EventHub-C5/internal/handlers/events.go:429.61,432.16 2 0
github.com/le-arch/EventHub-C5/internal/handlers/events.go:432.16,435.3 2 0
github.com/le-arch/EventHub-C5/internal/handlers/events.go:438.2,440.16 3 0
github.com/le-arch/EventHub-C5/internal/handlers/events.go:440.16,443.6 2 0
github.com/le-arch/EventHub-C5/internal/handlers/events.go:445.2,446.47 2 0
github.com/le-arch/EventHub-C5/internal/handlers/events.go:446.47,449.3 2 0
github.com/le-arch/EventHub-C5/internal/handlers/events.go:452.2,453.16 2 0
github.com/le-arch/EventHub-C5/internal/handlers/events.go:453.16,456.6 2 0
github.com/le-arch/EventHub-C5/internal/handlers/events.go:457.5,457.41 1 0
github.com/le-arch/EventHub-C5/internal/handlers/events.go:457.41,460.6 2 0
github.com/le-arch/EventHub-C5/internal/handlers/events.go:462.2,480.50 2 0
github.com/le-arch/EventHub-C5/internal/handlers/events.go:480.50,482.3 1 0
github.com/le-arch/EventHub-C5/internal/handlers/events.go:483.2,483.46 1 0
github.com/le-arch/EventHub-C5/internal/handlers/events.go:483.46,485.3 1 0
github.com/le-arch/EventHub-C5/internal/handlers/events.go:487.3,487.31 1 0
github.com/le-arch/EventHub-C5/internal/handlers/events.go:487.31,490.6 2 0
github.com/le-arch/EventHub-C5/internal/handlers/events.go:490.11,492.6 1 0
github.com/le-arch/EventHub-C5/internal/handlers/events.go:494.2,495.16 2 0
github.com/le-arch/EventHub-C5/internal/handlers/events.go:495.16,498.6 2 0
github.com/le-arch/EventHub-C5/internal/handlers/events.go:500.2,523.4 2 0
github.com/le-arch/EventHub-C5/internal/handlers/events.go:526.76,528.19 2 0
github.com/le-arch/EventHub-C5/internal/handlers/events.go:528.19,531.6 2 0
github.com/le-arch/EventHub-C5/internal/handlers/events.go:532.5,533.19 2 0
github.com/le-arch/EventHub-C5/internal/handlers/events.go:533.19,536.6 2 0
github.com/le-arch/EventHub-C5/internal/handlers/events.go:538.5,539.55 2 0
github.com/le-arch/EventHub-C5/internal/handlers/events.go:539.55,542.6 2 0
github.com/le-arch/EventHub-C5/internal/handlers/events.go:544.2,545.47 2 0
github.com/le-arch/EventHub-C5/internal/handlers/events.go:545.47,548.6 2 0
github.com/le-arch/EventHub-C5/internal/handlers/events.go:550.2,550.21 1 0
github.com/le-arch/EventHub-C5/internal/handlers/events.go:550.21,552.3 1 0
github.com/le-arch/EventHub-C5/internal/handlers/events.go:554.5,558.19 2 0
github.com/le-arch/EventHub-C5/internal/handlers/events.go:558.19,561.6 2 0
github.com/le-arch/EventHub-C5/internal/handlers/events.go:562.5,562.94 1 0
github.com/le-arch/EventHub-C5/internal/handlers/events.go:565.61,567.16 2 0
github.com/le-arch/EventHub-C5/internal/handlers/events.go:567.16,570.3 2 0
github.com/le-arch/EventHub-C5/internal/handlers/events.go:572.2,574.19 3 0
github.com/le-arch/EventHub-C5/internal/handlers/events.go:574.19,577.6 2 0
github.com/le-arch/EventHub-C5/internal/handlers/events.go:580.5,584.16 2 0
github.com/le-arch/EventHub-C5/internal/handlers/events.go:584.16,587.6 2 0
github.com/le-arch/EventHub-C5/internal/handlers/events.go:589.5,591.5 1 0
github.com/le-arch/EventHub-C5/internal/handlers/events.go:594.62,596.19 2 0
github.com/le-arch/EventHub-C5/internal/handlers/events.go:596.19,599.6 2 0
github.com/le-arch/EventHub-C5/internal/handlers/events.go:600.5,601.19 2 0
github.com/le-arch/EventHub-C5/internal/handlers/events.go:601.19,604.6 2 0
github.com/le-arch/EventHub-C5/internal/handlers/events.go:605.5,606.55 2 0
github.com/le-arch/EventHub-C5/internal/handlers/events.go:606.55,609.6 2 0
github.com/le-arch/EventHub-C5/internal/handlers/events.go:610.5,610.95 1 0
github.com/le-arch/EventHub-C5/internal/handlers/events.go:610.95,613.6 2 0
github.com/le-arch/EventHub-C5/internal/handlers/events.go:614.5,618.19 2 0
github.com/le-arch/EventHub-C5/internal/handlers/events.go:618.19,621.6 2 0
github.com/le-arch/EventHub-C5/internal/handlers/events.go:622.5,622.102 1 0
github.com/le-arch/EventHub-C5/internal/handlers/events.go:625.64,627.19 2 0
github.com/le-arch/EventHub-C5/internal/handlers/events.go:627.19,630.6 2 0
github.com/le-arch/EventHub-C5/internal/handlers/events.go:631.5,632.19 2 0
github.com/le-arch/EventHub-C5/internal/handlers/events.go:632.19,635.6 2 0
github.com/le-arch/EventHub-C5/internal/handlers/events.go:636.5,637.55 2 0
github.com/le-arch/EventHub-C5/internal/handlers/events.go:637.55,640.6 2 0
github.com/le-arch/EventHub-C5/internal/handlers/events.go:641.5,641.52 1 0
github.com/le-arch/EventHub-C5/internal/handlers/events.go:641.52,644.6 2 0
github.com/le-arch/EventHub-C5/internal/handlers/events.go:645.5,649.19 2 0
github.com/le-arch/EventHub-C5/internal/handlers/events.go:649.19,652.6 2 0
github.com/le-arch/EventHub-C5/internal/handlers/events.go:653.5,653.91 1 0
github.com/le-arch/EventHub-C5/internal/handlers/events.go:658.66,660.19 2 0
github.com/le-arch/EventHub-C5/internal/handlers/events.go:660.19,663.6 2 0
github.com/le-arch/EventHub-C5/internal/handlers/events.go:664.5,665.19 2 0
github.com/le-arch/EventHub-C5/internal/handlers/events.go:665.19,668.6 2 0
github.com/le-arch/EventHub-C5/internal/handlers/events.go:669.5,670.55 2 0
github.com/le-arch/EventHub-C5/internal/handlers/events.go:670.55,673.6 2 0
github.com/le-arch/EventHub-C5/internal/handlers/events.go:674.5,675.50 2 0
github.com/le-arch/EventHub-C5/internal/handlers/events.go:675.50,678.6 2 0
github.com/le-arch/EventHub-C5/internal/handlers/events.go:679.5,680.28 2 0
github.com/le-arch/EventHub-C5/internal/handlers/events.go:680.28,682.6 1 0
github.com/le-arch/EventHub-C5/internal/handlers/events.go:683.5,691.19 2 0
github.com/le-arch/EventHub-C5/internal/handlers/events.go:691.19,694.6 2 0
github.com/le-arch/EventHub-C5/internal/handlers/events.go:696.2,709.41 2 0
github.com/le-arch/EventHub-C5/internal/handlers/events.go:712.65,714.19 2 0
github.com/le-arch/EventHub-C5/internal/handlers/events.go:714.19,717.6 2 0
github.com/le-arch/EventHub-C5/internal/handlers/events.go:718.5,719.19 2 0
github.com/le-arch/EventHub-C5/internal/handlers/events.go:719.19,722.6 2 0
github.com/le-arch/EventHub-C5/internal/handlers/events.go:723.5,724.31 2 0
github.com/le-arch/EventHub-C5/internal/handlers/events.go:724.31,737.6 1 0
github.com/le-arch/EventHub-C5/internal/handlers/events.go:738.5,738.36 1 0
github.com/le-arch/EventHub-C5/internal/handlers/events.go:741.66,743.19 2 0
github.com/le-arch/EventHub-C5/internal/handlers/events.go:743.19,746.6 2 0
github.com/le-arch/EventHub-C5/internal/handlers/events.go:747.5,748.19 2 0
github.com/le-arch/EventHub-C5/internal/handlers/events.go:748.19,751.6 2 0
github.com/le-arch/EventHub-C5/internal/handlers/events.go:752.5,753.19 2 0
github.com/le-arch/EventHub-C5/internal/handlers/events.go:753.19,756.6 2 0
github.com/le-arch/EventHub-C5/internal/handlers/events.go:757.5,758.55 2 0
github.com/le-arch/EventHub-C5/internal/handlers/events.go:758.55,761.6 2 0
github.com/le-arch/EventHub-C5/internal/handlers/events.go:762.5,763.50 2 0
github.com/le-arch/EventHub-C5/internal/handlers/events.go:763.50,766.6 2 0
github.com/le-arch/EventHub-C5/internal/handlers/events.go:767.5,777.19 3 0
github.com/le-arch/EventHub-C5/internal/handlers/events.go:777.19,780.6 2 0
github.com/le-arch/EventHub-C5/internal/handlers/events.go:782.2,794.36 2 0
github.com/le-arch/EventHub-C5/internal/handlers/events.go:797.66,799.19 2 0
github.com/le-arch/EventHub-C5/internal/handlers/events.go:799.19,802.6 2 0
github.com/le-arch/EventHub-C5/internal/handlers/events.go:803.5,804.19 2 0
github.com/le-arch/EventHub-C5/internal/handlers/events.go:804.19,807.6 2 0
github.com/le-arch/EventHub-C5/internal/handlers/events.go:808.5,809.19 2 0
github.com/le-arch/EventHub-C5/internal/handlers/events.go:809.19,812.6 2 0
github.com/le-arch/EventHub-C5/internal/handlers/events.go:813.5,814.55 2 0
github.com/le-arch/EventHub-C5/internal/handlers/events.go:814.55,817.6 2 0
github.com/le-arch/EventHub-C5/internal/handlers/events.go:818.5,822.19 2 0
github.com/le-arch/EventHub-C5/internal/handlers/events.go:822.19,825.6 2 0
github.com/le-arch/EventHub-C5/internal/handlers/events.go:826.5,826.79 1 0
github.com/le-arch/EventHub-C5/internal/handlers/events.go:830.59,832.19 2 0
github.com/le-arch/EventHub-C5/internal/handlers/events.go:832.19,835.6 2 0
github.com/le-arch/EventHub-C5/internal/handlers/events.go:837.5,838.19 2 0
github.com/le-arch/EventHub-C5/internal/handlers/events.go:838.19,841.6 2 0
github.com/le-arch/EventHub-C5/internal/handlers/events.go:843.5,844.52 2 0
github.com/le-arch/EventHub-C5/internal/handlers/events.go:850.67,853.16 3 0
github.com/le-arch/EventHub-C5/internal/handlers/events.go:853.16,856.3 2 0
github.com/le-arch/EventHub-C5/internal/handlers/events.go:858.2,859.16 2 0
github.com/le-arch/EventHub-C5/internal/handlers/events.go:859.16,862.3 2 0
github.com/le-arch/EventHub-C5/internal/handlers/events.go:863.2,864.16 2 0
github.com/le-arch/EventHub-C5/internal/handlers/events.go:864.16,867.3 2 0
github.com/le-arch/EventHub-C5/internal/handlers/events.go:868.2,869.52 2 0
github.com/le-arch/EventHub-C5/internal/handlers/events.go:869.52,872.3 2 0
github.com/le-arch/EventHub-C5/internal/handlers/events.go:874.2,875.19 2 0
github.com/le-arch/EventHub-C5/internal/handlers/events.go:875.19,878.6 2 0
github.com/le-arch/EventHub-C5/internal/handlers/events.go:880.2,883.25 4 0
github.com/le-arch/EventHub-C5/internal/handlers/events.go:883.25,885.6 1 0
github.com/le-arch/EventHub-C5/internal/handlers/events.go:887.2,893.16 3 0
github.com/le-arch/EventHub-C5/internal/handlers/events.go:893.16,894.29 1 0
github.com/le-arch/EventHub-C5/internal/handlers/events.go:894.29,900.4 1 0
github.com/le-arch/EventHub-C5/internal/handlers/events.go:903.2,905.31 3 0
github.com/le-arch/EventHub-C5/internal/handlers/events.go:905.31,911.3 1 0
github.com/le-arch/EventHub-C5/internal/handlers/events.go:913.2,915.36 3 0
github.com/le-arch/EventHub-C5/internal/handlers/events.go:915.36,917.3 1 0
github.com/le-arch/EventHub-C5/internal/handlers/events.go:918.2,919.36 2 0
github.com/le-arch/EventHub-C5/internal/handlers/events.go:919.36,921.23 2 0
github.com/le-arch/EventHub-C5/internal/handlers/events.go:921.23,923.4 1 0
github.com/le-arch/EventHub-C5/internal/handlers/events.go:924.3,930.5 1 0
github.com/le-arch/EventHub-C5/internal/handlers/events.go:933.2,941.4 1 0
github.com/le-arch/EventHub-C5/internal/handlers/health.go:10.34,15.2 1 0
github.com/le-arch/EventHub-C5/internal/handlers/orders.go:18.61,20.47 2 0
github.com/le-arch/EventHub-C5/internal/handlers/orders.go:20.47,23.3 2 0
github.com/le-arch/EventHub-C5/internal/handlers/orders.go:24.2,26.20 3 0
github.com/le-arch/EventHub-C5/internal/handlers/orders.go:26.20,27.59 1 0
github.com/le-arch/EventHub-C5/internal/handlers/orders.go:27.59,29.4 1 0
github.com/le-arch/EventHub-C5/internal/handlers/orders.go:32.1,34.21 3 0
github.com/le-arch/EventHub-C5/internal/handlers/orders.go:34.21,36.2 1 0
github.com/le-arch/EventHub-C5/internal/handlers/orders.go:39.2,40.16 2 0
github.com/le-arch/EventHub-C5/internal/handlers/orders.go:40.16,43.3 2 0
github.com/le-arch/EventHub-C5/internal/handlers/orders.go:44.2,44.35 1 0
github.com/le-arch/EventHub-C5/internal/handlers/orders.go:44.35,47.3 2 0
github.com/le-arch/EventHub-C5/internal/handlers/orders.go:48.2,48.49 1 0
github.com/le-arch/EventHub-C5/internal/handlers/orders.go:48.49,51.3 2 0
github.com/le-arch/EventHub-C5/internal/handlers/orders.go:52.2,52.52 1 0
github.com/le-arch/EventHub-C5/internal/handlers/orders.go:52.52,55.3 2 0
github.com/le-arch/EventHub-C5/internal/handlers/orders.go:58.2,61.23 2 0
github.com/le-arch/EventHub-C5/internal/handlers/orders.go:61.23,64.3 2 0
github.com/le-arch/EventHub-C5/internal/handlers/orders.go:67.2,74.29 5 0
github.com/le-arch/EventHub-C5/internal/handlers/orders.go:74.29,76.3 1 0
github.com/le-arch/EventHub-C5/internal/handlers/orders.go:78.2,99.16 4 0
github.com/le-arch/EventHub-C5/internal/handlers/orders.go:99.16,102.3 2 0
github.com/le-arch/EventHub-C5/internal/handlers/orders.go:105.2,108.33 3 0
github.com/le-arch/EventHub-C5/internal/handlers/orders.go:108.33,123.17 5 0
github.com/le-arch/EventHub-C5/internal/handlers/orders.go:123.17,132.21 6 0
github.com/le-arch/EventHub-C5/internal/handlers/orders.go:132.21,134.5 1 0
github.com/le-arch/EventHub-C5/internal/handlers/orders.go:134.10,134.24 1 0
github.com/le-arch/EventHub-C5/internal/handlers/orders.go:134.24,136.5 1 0
github.com/le-arch/EventHub-C5/internal/handlers/orders.go:136.10,138.5 1 0
github.com/le-arch/EventHub-C5/internal/handlers/orders.go:139.9,142.4 2 0
github.com/le-arch/EventHub-C5/internal/handlers/orders.go:143.8,152.20 6 0
github.com/le-arch/EventHub-C5/internal/handlers/orders.go:152.20,154.4 1 0
github.com/le-arch/EventHub-C5/internal/handlers/orders.go:154.9,154.23 1 0
github.com/le-arch/EventHub-C5/internal/handlers/orders.go:154.23,156.4 1 0
github.com/le-arch/EventHub-C5/internal/handlers/orders.go:156.9,158.4 1 0
github.com/le-arch/EventHub-C5/internal/handlers/orders.go:162.2,166.17 1 0
github.com/le-arch/EventHub-C5/internal/handlers/orders.go:166.17,168.3 1 0
github.com/le-arch/EventHub-C5/internal/handlers/orders.go:171.2,173.22 2 0
github.com/le-arch/EventHub-C5/internal/handlers/orders.go:173.22,178.19 2 0
github.com/le-arch/EventHub-C5/internal/handlers/orders.go:178.19,180.6 1 0
github.com/le-arch/EventHub-C5/internal/handlers/orders.go:183.2,200.38 2 0
github.com/le-arch/EventHub-C5/internal/handlers/orders.go:203.64,207.19 3 0
github.com/le-arch/EventHub-C5/internal/handlers/orders.go:207.19,210.6 2 0
github.com/le-arch/EventHub-C5/internal/handlers/orders.go:213.5,214.19 2 0
github.com/le-arch/EventHub-C5/internal/handlers/orders.go:214.19,217.6 2 0
github.com/le-arch/EventHub-C5/internal/handlers/orders.go:220.5,224.23 4 0
github.com/le-arch/EventHub-C5/internal/handlers/orders.go:224.23,227.46 2 0
github.com/le-arch/EventHub-C5/internal/handlers/orders.go:227.46,229.10 1 0
github.com/le-arch/EventHub-C5/internal/handlers/orders.go:230.9,230.21 1 0
github.com/le-arch/EventHub-C5/internal/handlers/orders.go:230.21,233.58 2 0
github.com/le-arch/EventHub-C5/internal/handlers/orders.go:233.58,235.14 1 0
github.com/le-arch/EventHub-C5/internal/handlers/orders.go:240.5,255.31 2 0
github.com/le-arch/EventHub-C5/internal/handlers/orders.go:255.31,268.6 11 0
github.com/le-arch/EventHub-C5/internal/handlers/orders.go:271.5,271.40 1 0
github.com/le-arch/EventHub-C5/internal/handlers/storage/minio.go:23.107,28.19 2 0
github.com/le-arch/EventHub-C5/internal/handlers/storage/minio.go:28.19,30.6 1 0
github.com/le-arch/EventHub-C5/internal/handlers/storage/minio.go:33.5,34.19 2 0
github.com/le-arch/EventHub-C5/internal/handlers/storage/minio.go:34.19,36.6 1 0
github.com/le-arch/EventHub-C5/internal/handlers/storage/minio.go:37.2,37.13 1 0
github.com/le-arch/EventHub-C5/internal/handlers/storage/minio.go:37.13,39.17 2 0
github.com/le-arch/EventHub-C5/internal/handlers/storage/minio.go:39.17,41.4 1 0
github.com/le-arch/EventHub-C5/internal/handlers/storage/minio.go:42.3,42.61 1 0
github.com/le-arch/EventHub-C5/internal/handlers/storage/minio.go:46.2,55.93 2 0
github.com/le-arch/EventHub-C5/internal/handlers/storage/minio.go:55.93,57.3 1 0
github.com/le-arch/EventHub-C5/internal/handlers/storage/minio.go:58.2,65.11 2 0
github.com/le-arch/EventHub-C5/internal/handlers/storage/minio.go:69.111,78.19 4 0
github.com/le-arch/EventHub-C5/internal/handlers/storage/minio.go:78.19,80.6 1 0
github.com/le-arch/EventHub-C5/internal/handlers/storage/minio.go:86.5,87.17 2 0
github.com/le-arch/EventHub-C5/internal/handlers/storage/minio.go:87.17,89.6 1 0
github.com/le-arch/EventHub-C5/internal/handlers/storage/minio.go:89.11,93.6 1 0
github.com/le-arch/EventHub-C5/internal/handlers/storage/minio.go:94.5,95.26 2 0
github.com/le-arch/EventHub-C5/internal/handlers/storage/minio.go:98.123,103.16 3 0
github.com/le-arch/EventHub-C5/internal/handlers/storage/minio.go:103.16,105.3 1 0
github.com/le-arch/EventHub-C5/internal/handlers/storage/minio.go:107.2,107.83 1 0
github.com/le-arch/EventHub-C5/internal/middleware/cors.go:11.60,32.2 2 0
github.com/le-arch/EventHub-C5/internal/middleware/ratelimit.go:23.67,31.2 3 0
github.com/le-arch/EventHub-C5/internal/middleware/ratelimit.go:33.34,35.21 2 0
github.com/le-arch/EventHub-C5/internal/middleware/ratelimit.go:35.21,38.34 3 0
github.com/le-arch/EventHub-C5/internal/middleware/ratelimit.go:38.34,39.41 1 0
github.com/le-arch/EventHub-C5/internal/middleware/ratelimit.go:39.41,41.5 1 0
github.com/le-arch/EventHub-C5/internal/middleware/ratelimit.go:43.3,43.17 1 0
github.com/le-arch/EventHub-C5/internal/middleware/ratelimit.go:47.46,53.13 5 0
github.com/le-arch/EventHub-C5/internal/middleware/ratelimit.go:53.13,56.3 2 0
github.com/le-arch/EventHub-C5/internal/middleware/ratelimit.go:58.2,58.37 1 0
github.com/le-arch/EventHub-C5/internal/middleware/ratelimit.go:58.37,62.3 3 0
github.com/le-arch/EventHub-C5/internal/middleware/ratelimit.go:64.2,66.28 3 0
github.com/le-arch/EventHub-C5/internal/middleware/ratelimit.go:69.59,70.30 1 0
github.com/le-arch/EventHub-C5/internal/middleware/ratelimit.go:70.30,72.20 2 0
github.com/le-arch/EventHub-C5/internal/middleware/ratelimit.go:72.20,76.4 3 0
github.com/le-arch/EventHub-C5/internal/middleware/ratelimit.go:77.3,77.11 1 0
github.com/le-arch/EventHub-C5/internal/middleware/recovery.go:11.43,12.56 1 0
github.com/le-arch/EventHub-C5/internal/middleware/recovery.go:12.56,15.3 2 0
github.com/le-arch/EventHub-C5/internal/payment/momo.go:35.36,40.2 1 0
github.com/le-arch/EventHub-C5/internal/payment/momo.go:42.38,43.55 1 0
github.com/le-arch/EventHub-C5/internal/payment/momo.go:43.55,45.3 1 0
github.com/le-arch/EventHub-C5/internal/payment/momo.go:47.2,47.73 1 0
github.com/le-arch/EventHub-C5/internal/payment/momo.go:47.73,50.3 2 0
github.com/le-arch/EventHub-C5/internal/payment/momo.go:51.2,51.13 1 0
github.com/le-arch/EventHub-C5/internal/payment/momo.go:56.70,58.52 1 0
github.com/le-arch/EventHub-C5/internal/payment/momo.go:58.52,60.3 1 0
github.com/le-arch/EventHub-C5/internal/payment/momo.go:62.2,64.16 3 0
github.com/le-arch/EventHub-C5/internal/payment/momo.go:64.16,66.3 1 0
github.com/le-arch/EventHub-C5/internal/payment/momo.go:69.2,74.16 5 0
github.com/le-arch/EventHub-C5/internal/payment/momo.go:74.16,76.3 1 0
github.com/le-arch/EventHub-C5/internal/payment/momo.go:77.2,79.38 2 0
github.com/le-arch/EventHub-C5/internal/payment/momo.go:79.38,82.3 2 0
github.com/le-arch/EventHub-C5/internal/payment/momo.go:84.2,88.67 2 0
github.com/le-arch/EventHub-C5/internal/payment/momo.go:88.67,90.3 1 0
github.com/le-arch/EventHub-C5/internal/payment/momo.go:92.2,94.21 3 0
github.com/le-arch/EventHub-C5/internal/payment/momo.go:98.113,100.19 2 0
github.com/le-arch/EventHub-C5/internal/payment/momo.go:100.19,102.6 1 0
github.com/le-arch/EventHub-C5/internal/payment/momo.go:104.5,106.19 3 0
github.com/le-arch/EventHub-C5/internal/payment/momo.go:106.19,108.6 1 0
github.com/le-arch/EventHub-C5/internal/payment/momo.go:110.5,111.19 2 0
github.com/le-arch/EventHub-C5/internal/payment/momo.go:111.19,113.6 1 0
github.com/le-arch/EventHub-C5/internal/payment/momo.go:115.5,126.19 9 0
github.com/le-arch/EventHub-C5/internal/payment/momo.go:126.19,128.6 1 0
github.com/le-arch/EventHub-C5/internal/payment/momo.go:129.5,133.19 3 0
github.com/le-arch/EventHub-C5/internal/payment/momo.go:133.19,135.6 1 0
github.com/le-arch/EventHub-C5/internal/payment/momo.go:138.5,140.88 2 0
github.com/le-arch/EventHub-C5/internal/payment/momo.go:140.88,142.6 1 0
github.com/le-arch/EventHub-C5/internal/payment/momo.go:145.5,146.19 2 0
github.com/le-arch/EventHub-C5/internal/payment/momo.go:146.19,149.61 2 0
github.com/le-arch/EventHub-C5/internal/payment/momo.go:149.61,150.62 1 0
github.com/le-arch/EventHub-C5/internal/payment/momo.go:150.62,152.14 1 0
github.com/le-arch/EventHub-C5/internal/payment/momo.go:154.9,154.23 1 0
github.com/le-arch/EventHub-C5/internal/payment/momo.go:154.23,156.10 1 0
github.com/le-arch/EventHub-C5/internal/payment/momo.go:159.5,162.11 1 0
github.com/le-arch/EventHub-C5/internal/payment/webhook.go:22.77,24.2 1 0
github.com/le-arch/EventHub-C5/internal/payment/webhook.go:26.85,27.21 1 0
github.com/le-arch/EventHub-C5/internal/payment/webhook.go:27.21,29.3 1 0
github.com/le-arch/EventHub-C5/internal/payment/webhook.go:30.2,33.62 4 0
github.com/le-arch/EventHub-C5/internal/payment/webhook.go:37.61,41.49 4 0
github.com/le-arch/EventHub-C5/internal/payment/webhook.go:41.49,43.22 1 0
github.com/le-arch/EventHub-C5/internal/payment/webhook.go:43.22,46.4 2 0
github.com/le-arch/EventHub-C5/internal/payment/webhook.go:49.2,50.55 2 0
github.com/le-arch/EventHub-C5/internal/payment/webhook.go:50.55,53.3 2 0
github.com/le-arch/EventHub-C5/internal/payment/webhook.go:56.2,69.33 5 0
github.com/le-arch/EventHub-C5/internal/payment/webhook.go:69.33,72.3 2 0
github.com/le-arch/EventHub-C5/internal/payment/webhook.go:73.2,75.16 3 0
github.com/le-arch/EventHub-C5/internal/payment/webhook.go:75.16,78.3 2 0
github.com/le-arch/EventHub-C5/internal/payment/webhook.go:81.2,82.24 2 0
github.com/le-arch/EventHub-C5/internal/payment/webhook.go:83.20,90.30 3 0
github.com/le-arch/EventHub-C5/internal/payment/webhook.go:90.30,92.4 1 0
github.com/le-arch/EventHub-C5/internal/payment/webhook.go:93.10,94.39 1 0
github.com/le-arch/EventHub-C5/internal/payment/webhook.go:98.2,103.16 2 0
github.com/le-arch/EventHub-C5/internal/payment/webhook.go:103.16,106.3 2 0
github.com/le-arch/EventHub-C5/internal/payment/webhook.go:108.2,108.53 1 0
github.com/le-arch/EventHub-C5/internal/qrcode/generator.go:22.123,26.16 3 0
github.com/le-arch/EventHub-C5/internal/qrcode/generator.go:26.16,28.3 1 0
github.com/le-arch/EventHub-C5/internal/qrcode/generator.go:30.2,32.16 3 0
github.com/le-arch/EventHub-C5/internal/qrcode/generator.go:32.16,34.3 1 0
github.com/le-arch/EventHub-C5/internal/qrcode/generator.go:35.2,35.17 1 0
github.com/le-arch/EventHub-C5/internal/qrcode/generator.go:39.50,43.2 3 0
github.com/le-arch/EventHub-C5/internal/utils/auth.go:19.60,21.13 2 0
github.com/le-arch/EventHub-C5/internal/utils/auth.go:21.13,23.3 1 0
github.com/le-arch/EventHub-C5/internal/utils/auth.go:24.2,25.9 2 0
github.com/le-arch/EventHub-C5/internal/utils/auth.go:25.9,27.3 1 0
github.com/le-arch/EventHub-C5/internal/utils/auth.go:28.2,28.23 1 0
github.com/le-arch/EventHub-C5/internal/utils/auth.go:31.113,33.16 2 0
github.com/le-arch/EventHub-C5/internal/utils/auth.go:33.16,36.3 2 0
github.com/le-arch/EventHub-C5/internal/utils/auth.go:37.2,37.38 1 0
github.com/le-arch/EventHub-C5/internal/utils/auth.go:37.38,40.3 2 0
github.com/le-arch/EventHub-C5/internal/utils/auth.go:41.2,41.20 1 0
github.com/le-arch/EventHub-C5/internal/utils/auth.go:44.50,46.13 2 0
github.com/le-arch/EventHub-C5/internal/utils/auth.go:46.13,48.3 1 0
github.com/le-arch/EventHub-C5/internal/utils/auth.go:50.2,51.9 2 0
github.com/le-arch/EventHub-C5/internal/utils/auth.go:51.9,53.3 1 0
github.com/le-arch/EventHub-C5/internal/utils/auth.go:55.2,55.26 1 0
github.com/le-arch/EventHub-C5/internal/utils/converter.go:18.49,20.16 2 0
github.com/le-arch/EventHub-C5/internal/utils/converter.go:20.16,22.3 1 0
github.com/le-arch/EventHub-C5/internal/utils/converter.go:23.2,23.15 1 0
github.com/le-arch/EventHub-C5/internal/utils/converter.go:27.49,29.16 2 0
github.com/le-arch/EventHub-C5/internal/utils/converter.go:29.16,31.3 1 0
github.com/le-arch/EventHub-C5/internal/utils/converter.go:32.2,32.15 1 0
github.com/le-arch/EventHub-C5/internal/utils/converter.go:38.37,40.2 1 0
github.com/le-arch/EventHub-C5/internal/utils/converter.go:44.41,45.14 1 0
github.com/le-arch/EventHub-C5/internal/utils/converter.go:45.14,47.3 1 0
github.com/le-arch/EventHub-C5/internal/utils/converter.go:48.2,48.29 1 0
github.com/le-arch/EventHub-C5/internal/utils/converter.go:52.35,53.14 1 0
github.com/le-arch/EventHub-C5/internal/utils/converter.go:53.14,55.3 1 0
github.com/le-arch/EventHub-C5/internal/utils/converter.go:56.2,57.16 2 0
github.com/le-arch/EventHub-C5/internal/utils/converter.go:61.48,63.2 1 0
github.com/le-arch/EventHub-C5/internal/utils/crypto.go:12.63,14.16 2 0
github.com/le-arch/EventHub-C5/internal/utils/crypto.go:14.16,16.3 1 0
github.com/le-arch/EventHub-C5/internal/utils/crypto.go:18.2,19.16 2 0
github.com/le-arch/EventHub-C5/internal/utils/crypto.go:19.16,21.3 1 0
github.com/le-arch/EventHub-C5/internal/utils/crypto.go:23.2,24.59 2 0
github.com/le-arch/EventHub-C5/internal/utils/crypto.go:24.59,26.3 1 0
github.com/le-arch/EventHub-C5/internal/utils/crypto.go:28.2,29.59 2 0
github.com/le-arch/EventHub-C5/internal/utils/crypto.go:32.61,34.16 2 0
github.com/le-arch/EventHub-C5/internal/utils/crypto.go:34.16,36.3 1 0
github.com/le-arch/EventHub-C5/internal/utils/crypto.go:38.2,39.16 2 0
github.com/le-arch/EventHub-C5/internal/utils/crypto.go:39.16,41.3 1 0
github.com/le-arch/EventHub-C5/internal/utils/crypto.go:43.2,44.16 2 0
github.com/le-arch/EventHub-C5/internal/utils/crypto.go:44.16,46.3 1 0
github.com/le-arch/EventHub-C5/internal/utils/crypto.go:48.2,49.33 2 0
github.com/le-arch/EventHub-C5/internal/utils/crypto.go:49.33,51.3 1 0
github.com/le-arch/EventHub-C5/internal/utils/crypto.go:53.2,55.16 3 0
github.com/le-arch/EventHub-C5/internal/utils/crypto.go:55.16,57.3 1 0
github.com/le-arch/EventHub-C5/internal/utils/crypto.go:59.2,59.23 1 0
github.com/le-arch/EventHub-C5/internal/utils/events.go:9.73,10.18 1 0
github.com/le-arch/EventHub-C5/internal/utils/events.go:10.18,12.6 1 0
github.com/le-arch/EventHub-C5/internal/utils/events.go:13.5,14.22 2 0
github.com/le-arch/EventHub-C5/internal/utils/events.go:15.15,17.37 2 0
github.com/le-arch/EventHub-C5/internal/utils/events.go:18.15,20.37 2 0
github.com/le-arch/EventHub-C5/internal/utils/events.go:21.15,23.37 2 0
github.com/le-arch/EventHub-C5/internal/utils/events.go:24.13,26.37 2 0
github.com/le-arch/EventHub-C5/internal/utils/events.go:28.5,35.14 2 0
github.com/le-arch/EventHub-C5/internal/utils/events.go:39.74,40.65 1 0
github.com/le-arch/EventHub-C5/internal/utils/events.go:40.65,42.6 1 0
github.com/le-arch/EventHub-C5/internal/utils/events.go:43.5,44.12 2 0
github.com/le-arch/EventHub-C5/internal/utils/events.go:45.77,46.22 1 0
github.com/le-arch/EventHub-C5/internal/utils/events.go:47.77,48.22 1 0
github.com/le-arch/EventHub-C5/internal/utils/events.go:49.77,50.22 1 0
github.com/le-arch/EventHub-C5/internal/utils/events.go:51.77,52.22 1 0
github.com/le-arch/EventHub-C5/internal/utils/events.go:53.13,54.22 1 0
github.com/le-arch/EventHub-C5/internal/utils/events.go:56.5,60.6 1 0
github.com/le-arch/EventHub-C5/internal/utils/validator.go:12.38,14.16 2 0
github.com/le-arch/EventHub-C5/internal/utils/validator.go:14.16,16.3 1 0
github.com/le-arch/EventHub-C5/internal/utils/validator.go:17.2,17.51 1 0
github.com/le-arch/EventHub-C5/internal/utils/validator.go:36.56,38.23 1 0
github.com/le-arch/EventHub-C5/internal/utils/validator.go:38.23,40.3 1 0
github.com/le-arch/EventHub-C5/internal/utils/validator.go:42.2,42.29 1 0
github.com/le-arch/EventHub-C5/internal/utils/validator.go:42.29,44.3 1 0
github.com/le-arch/EventHub-C5/internal/utils/validator.go:46.2,46.23 1 0
github.com/le-arch/EventHub-C5/internal/utils/validator.go:46.23,48.3 1 0
github.com/le-arch/EventHub-C5/internal/utils/validator.go:50.2,50.22 1 0
github.com/le-arch/EventHub-C5/internal/utils/validator.go:50.22,52.3 1 0
github.com/le-arch/EventHub-C5/internal/utils/validator.go:54.2,54.27 1 0
github.com/le-arch/EventHub-C5/internal/utils/validator.go:54.27,56.3 1 0
github.com/le-arch/EventHub-C5/internal/utils/validator.go:58.2,58.12 1 0
